C:/Users/trapm/Desktop/Rover/Core/Src/main.c:94:5:main	8	static
C:/Users/trapm/Desktop/Rover/Core/Src/main.c:152:6:SystemClock_Config	88	static
C:/Users/trapm/Desktop/Rover/Core/Src/main.c:206:13:MX_TIM1_Init	56	static
C:/Users/trapm/Desktop/Rover/Core/Src/main.c:256:13:MX_TIM2_Init	56	static
C:/Users/trapm/Desktop/Rover/Core/Src/main.c:305:13:MX_TIM3_Init	56	static
C:/Users/trapm/Desktop/Rover/Core/Src/main.c:354:13:MX_TIM4_Init	56	static
C:/Users/trapm/Desktop/Rover/Core/Src/main.c:403:13:MX_TIM5_Init	56	static
C:/Users/trapm/Desktop/Rover/Core/Src/main.c:452:13:MX_TIM8_Init	56	static
C:/Users/trapm/Desktop/Rover/Core/Src/main.c:502:13:MX_TIM9_Init	40	static
C:/Users/trapm/Desktop/Rover/Core/Src/main.c:544:13:MX_TIM10_Init	40	static
C:/Users/trapm/Desktop/Rover/Core/Src/main.c:590:13:MX_TIM11_Init	40	static
C:/Users/trapm/Desktop/Rover/Core/Src/main.c:636:13:MX_TIM12_Init	40	static
C:/Users/trapm/Desktop/Rover/Core/Src/main.c:678:13:MX_TIM13_Init	40	static
C:/Users/trapm/Desktop/Rover/Core/Src/main.c:724:13:MX_TIM14_Init	40	static
C:/Users/trapm/Desktop/Rover/Core/Src/main.c:770:13:MX_UART4_Init	8	static
C:/Users/trapm/Desktop/Rover/Core/Src/main.c:801:13:MX_DMA_Init	16	static
C:/Users/trapm/Desktop/Rover/Core/Src/main.c:822:13:MX_GPIO_Init	64	static
C:/Users/trapm/Desktop/Rover/Core/Src/main.c:951:6:Error_Handler	4	static,ignoring_inline_asm
