Archive member included to satisfy reference by file (symbol)

C:/ST/STM32CubeCLT_1.21.0/GNU-tools-for-STM32/bin/../lib/gcc/arm-none-eabi/14.3.1/thumb/v7e-m+fp/hard\libgcc.a(_aeabi_uldivmod.o)
                              cmake/stm32cubemx/CMakeFiles/STM32_Drivers.dir/C_/Users/trapm/Desktop/Rover/Rover/Drivers/STM32F4xx_HAL_Driver/Src/stm32f4xx_hal_rcc.c.obj (__aeabi_uldivmod)
C:/ST/STM32CubeCLT_1.21.0/GNU-tools-for-STM32/bin/../lib/gcc/arm-none-eabi/14.3.1/thumb/v7e-m+fp/hard\libgcc.a(_udivmoddi4.o)
                              C:/ST/STM32CubeCLT_1.21.0/GNU-tools-for-STM32/bin/../lib/gcc/arm-none-eabi/14.3.1/thumb/v7e-m+fp/hard\libgcc.a(_aeabi_uldivmod.o) (__udivmoddi4)
C:/ST/STM32CubeCLT_1.21.0/GNU-tools-for-STM32/bin/../lib/gcc/arm-none-eabi/14.3.1/thumb/v7e-m+fp/hard\libgcc.a(_dvmd_tls.o)
                              C:/ST/STM32CubeCLT_1.21.0/GNU-tools-for-STM32/bin/../lib/gcc/arm-none-eabi/14.3.1/thumb/v7e-m+fp/hard\libgcc.a(_aeabi_uldivmod.o) (__aeabi_ldiv0)
C:/ST/STM32CubeCLT_1.21.0/GNU-tools-for-STM32/bin/../lib/gcc/arm-none-eabi/14.3.1/../../../../arm-none-eabi/lib/thumb/v7e-m+fp/hard\libg_nano.a(libc_a-exit.o)
                              C:/ST/STM32CubeCLT_1.21.0/GNU-tools-for-STM32/bin/../lib/gcc/arm-none-eabi/14.3.1/../../../../arm-none-eabi/lib/thumb/v7e-m+fp/hard/crt0.o (exit)
C:/ST/STM32CubeCLT_1.21.0/GNU-tools-for-STM32/bin/../lib/gcc/arm-none-eabi/14.3.1/../../../../arm-none-eabi/lib/thumb/v7e-m+fp/hard\libg_nano.a(libc_a-findfp.o)
                              C:/ST/STM32CubeCLT_1.21.0/GNU-tools-for-STM32/bin/../lib/gcc/arm-none-eabi/14.3.1/../../../../arm-none-eabi/lib/thumb/v7e-m+fp/hard\libg_nano.a(libc_a-exit.o) (__stdio_exit_handler)
C:/ST/STM32CubeCLT_1.21.0/GNU-tools-for-STM32/bin/../lib/gcc/arm-none-eabi/14.3.1/../../../../arm-none-eabi/lib/thumb/v7e-m+fp/hard\libg_nano.a(libc_a-fwalk.o)
                              C:/ST/STM32CubeCLT_1.21.0/GNU-tools-for-STM32/bin/../lib/gcc/arm-none-eabi/14.3.1/../../../../arm-none-eabi/lib/thumb/v7e-m+fp/hard\libg_nano.a(libc_a-findfp.o) (_fwalk_sglue)
C:/ST/STM32CubeCLT_1.21.0/GNU-tools-for-STM32/bin/../lib/gcc/arm-none-eabi/14.3.1/../../../../arm-none-eabi/lib/thumb/v7e-m+fp/hard\libg_nano.a(libc_a-stdio.o)
                              C:/ST/STM32CubeCLT_1.21.0/GNU-tools-for-STM32/bin/../lib/gcc/arm-none-eabi/14.3.1/../../../../arm-none-eabi/lib/thumb/v7e-m+fp/hard\libg_nano.a(libc_a-findfp.o) (__sread)
C:/ST/STM32CubeCLT_1.21.0/GNU-tools-for-STM32/bin/../lib/gcc/arm-none-eabi/14.3.1/../../../../arm-none-eabi/lib/thumb/v7e-m+fp/hard\libg_nano.a(libc_a-memset.o)
                              C:/ST/STM32CubeCLT_1.21.0/GNU-tools-for-STM32/bin/../lib/gcc/arm-none-eabi/14.3.1/../../../../arm-none-eabi/lib/thumb/v7e-m+fp/hard/crt0.o (memset)
C:/ST/STM32CubeCLT_1.21.0/GNU-tools-for-STM32/bin/../lib/gcc/arm-none-eabi/14.3.1/../../../../arm-none-eabi/lib/thumb/v7e-m+fp/hard\libg_nano.a(libc_a-closer.o)
                              C:/ST/STM32CubeCLT_1.21.0/GNU-tools-for-STM32/bin/../lib/gcc/arm-none-eabi/14.3.1/../../../../arm-none-eabi/lib/thumb/v7e-m+fp/hard\libg_nano.a(libc_a-stdio.o) (_close_r)
C:/ST/STM32CubeCLT_1.21.0/GNU-tools-for-STM32/bin/../lib/gcc/arm-none-eabi/14.3.1/../../../../arm-none-eabi/lib/thumb/v7e-m+fp/hard\libg_nano.a(libc_a-reent.o)
                              C:/ST/STM32CubeCLT_1.21.0/GNU-tools-for-STM32/bin/../lib/gcc/arm-none-eabi/14.3.1/../../../../arm-none-eabi/lib/thumb/v7e-m+fp/hard\libg_nano.a(libc_a-closer.o) (errno)
C:/ST/STM32CubeCLT_1.21.0/GNU-tools-for-STM32/bin/../lib/gcc/arm-none-eabi/14.3.1/../../../../arm-none-eabi/lib/thumb/v7e-m+fp/hard\libg_nano.a(libc_a-impure.o)
                              C:/ST/STM32CubeCLT_1.21.0/GNU-tools-for-STM32/bin/../lib/gcc/arm-none-eabi/14.3.1/../../../../arm-none-eabi/lib/thumb/v7e-m+fp/hard\libg_nano.a(libc_a-reent.o) (_impure_ptr)
C:/ST/STM32CubeCLT_1.21.0/GNU-tools-for-STM32/bin/../lib/gcc/arm-none-eabi/14.3.1/../../../../arm-none-eabi/lib/thumb/v7e-m+fp/hard\libg_nano.a(libc_a-lseekr.o)
                              C:/ST/STM32CubeCLT_1.21.0/GNU-tools-for-STM32/bin/../lib/gcc/arm-none-eabi/14.3.1/../../../../arm-none-eabi/lib/thumb/v7e-m+fp/hard\libg_nano.a(libc_a-stdio.o) (_lseek_r)
C:/ST/STM32CubeCLT_1.21.0/GNU-tools-for-STM32/bin/../lib/gcc/arm-none-eabi/14.3.1/../../../../arm-none-eabi/lib/thumb/v7e-m+fp/hard\libg_nano.a(libc_a-readr.o)
                              C:/ST/STM32CubeCLT_1.21.0/GNU-tools-for-STM32/bin/../lib/gcc/arm-none-eabi/14.3.1/../../../../arm-none-eabi/lib/thumb/v7e-m+fp/hard\libg_nano.a(libc_a-stdio.o) (_read_r)
C:/ST/STM32CubeCLT_1.21.0/GNU-tools-for-STM32/bin/../lib/gcc/arm-none-eabi/14.3.1/../../../../arm-none-eabi/lib/thumb/v7e-m+fp/hard\libg_nano.a(libc_a-writer.o)
                              C:/ST/STM32CubeCLT_1.21.0/GNU-tools-for-STM32/bin/../lib/gcc/arm-none-eabi/14.3.1/../../../../arm-none-eabi/lib/thumb/v7e-m+fp/hard\libg_nano.a(libc_a-stdio.o) (_write_r)
[...]
Memory Configuration

Name             Origin             Length             Attributes
RAM              0x20000000         0x00030000         xrw
CCMRAM           0x10000000         0x00010000         xrw
FLASH            0x08000000         0x00200000         xr
*default*        0x00000000         0xffffffff

Linker script and memory map

LOAD C:/ST/STM32CubeCLT_1.21.0/GNU-tools-for-STM32/bin/../lib/gcc/arm-none-eabi/14.3.1/thumb/v7e-m+fp/hard/crti.o
LOAD C:/ST/STM32CubeCLT_1.21.0/GNU-tools-for-STM32/bin/../lib/gcc/arm-none-eabi/14.3.1/thumb/v7e-m+fp/hard/crtbegin.o
LOAD C:/ST/STM32CubeCLT_1.21.0/GNU-tools-for-STM32/bin/../lib/gcc/arm-none-eabi/14.3.1/../../../../arm-none-eabi/lib/thumb/v7e-m+fp/hard/crt0.o
LOAD cmake/stm32cubemx/CMakeFiles/STM32_Drivers.dir/C_/Users/trapm/Desktop/Rover/Rover/Core/Src/system_stm32f4xx.c.obj
LOAD cmake/stm32cubemx/CMakeFiles/STM32_Drivers.dir/C_/Users/trapm/Desktop/Rover/Rover/Drivers/STM32F4xx_HAL_Driver/Src/stm32f4xx_hal_tim.c.obj
LOAD cmake/stm32cubemx/CMakeFiles/STM32_Drivers.dir/C_/Users/trapm/Desktop/Rover/Rover/Drivers/STM32F4xx_HAL_Driver/Src/stm32f4xx_hal_tim_ex.c.obj
LOAD cmake/stm32cubemx/CMakeFiles/STM32_Drivers.dir/C_/Users/trapm/Desktop/Rover/Rover/Drivers/STM32F4xx_HAL_Driver/Src/stm32f4xx_hal_rcc.c.obj
LOAD cmake/stm32cubemx/CMakeFiles/STM32_Drivers.dir/C_/Users/trapm/Desktop/Rover/Rover/Drivers/STM32F4xx_HAL_Driver/Src/stm32f4xx_hal_rcc_ex.c.obj
LOAD cmake/stm32cubemx/CMakeFiles/STM32_Drivers.dir/C_/Users/trapm/Desktop/Rover/Rover/Drivers/STM32F4xx_HAL_Driver/Src/stm32f4xx_hal_flash.c.obj
LOAD cmake/stm32cubemx/CMakeFiles/STM32_Drivers.dir/C_/Users/trapm/Desktop/Rover/Rover/Drivers/STM32F4xx_HAL_Driver/Src/stm32f4xx_hal_flash_ex.c.obj
LOAD cmake/stm32cubemx/CMakeFiles/STM32_Drivers.dir/C_/Users/trapm/Desktop/Rover/Rover/Drivers/STM32F4xx_HAL_Driver/Src/stm32f4xx_hal_flash_ramfunc.c.obj
LOAD cmake/stm32cubemx/CMakeFiles/STM32_Drivers.dir/C_/Users/trapm/Desktop/Rover/Rover/Drivers/STM32F4xx_HAL_Driver/Src/stm32f4xx_hal_gpio.c.obj
LOAD cmake/stm32cubemx/CMakeFiles/STM32_Drivers.dir/C_/Users/trapm/Desktop/Rover/Rover/Drivers/STM32F4xx_HAL_Driver/Src/stm32f4xx_hal_dma_ex.c.obj
LOAD cmake/stm32cubemx/CMakeFiles/STM32_Drivers.dir/C_/Users/trapm/Desktop/Rover/Rover/Drivers/STM32F4xx_HAL_Driver/Src/stm32f4xx_hal_dma.c.obj
LOAD cmake/stm32cubemx/CMakeFiles/STM32_Drivers.dir/C_/Users/trapm/Desktop/Rover/Rover/Drivers/STM32F4xx_HAL_Driver/Src/stm32f4xx_hal_pwr.c.obj
LOAD cmake/stm32cubemx/CMakeFiles/STM32_Drivers.dir/C_/Users/trapm/Desktop/Rover/Rover/Drivers/STM32F4xx_HAL_Driver/Src/stm32f4xx_hal_pwr_ex.c.obj
LOAD cmake/stm32cubemx/CMakeFiles/STM32_Drivers.dir/C_/Users/trapm/Desktop/Rover/Rover/Drivers/STM32F4xx_HAL_Driver/Src/stm32f4xx_hal_cortex.c.obj
LOAD cmake/stm32cubemx/CMakeFiles/STM32_Drivers.dir/C_/Users/trapm/Desktop/Rover/Rover/Drivers/STM32F4xx_HAL_Driver/Src/stm32f4xx_hal.c.obj
LOAD cmake/stm32cubemx/CMakeFiles/STM32_Drivers.dir/C_/Users/trapm/Desktop/Rover/Rover/Drivers/STM32F4xx_HAL_Driver/Src/stm32f4xx_hal_exti.c.obj
LOAD cmake/stm32cubemx/CMakeFiles/STM32_Drivers.dir/C_/Users/trapm/Desktop/Rover/Rover/Drivers/STM32F4xx_HAL_Driver/Src/stm32f4xx_hal_uart.c.obj
LOAD CMakeFiles/Rover.dir/C_/Users/trapm/Desktop/Rover/Rover/Core/Src/main.c.obj
LOAD CMakeFiles/Rover.dir/C_/Users/trapm/Desktop/Rover/Rover/Core/Src/stm32f4xx_it.c.obj
LOAD CMakeFiles/Rover.dir/C_/Users/trapm/Desktop/Rover/Rover/Core/Src/stm32f4xx_hal_msp.c.obj
LOAD CMakeFiles/Rover.dir/C_/Users/trapm/Desktop/Rover/Rover/Core/Src/sysmem.c.obj
LOAD CMakeFiles/Rover.dir/C_/Users/trapm/Desktop/Rover/Rover/Core/Src/syscalls.c.obj
LOAD CMakeFiles/Rover.dir/startup_stm32f429xx.s.obj
LOAD CMakeFiles/Rover.dir/C_/Users/trapm/Desktop/Rover/Rover/Core/Src/protocol.c.obj
LOAD CMakeFiles/Rover.dir/C_/Users/trapm/Desktop/Rover/Rover/Core/Src/pid.c.obj
LOAD CMakeFiles/Rover.dir/C_/Users/trapm/Desktop/Rover/Rover/Core/Src/motor.c.obj
LOAD CMakeFiles/Rover.dir/C_/Users/trapm/Desktop/Rover/Rover/Core/Src/encoder.c.obj
LOAD C:/ST/STM32CubeCLT_1.21.0/GNU-tools-for-STM32/bin/../lib/gcc/arm-none-eabi/14.3.1/../../../../arm-none-eabi/lib/thumb/v7e-m+fp/hard\libm.a
START GROUP
LOAD C:/ST/STM32CubeCLT_1.21.0/GNU-tools-for-STM32/bin/../lib/gcc/arm-none-eabi/14.3.1/thumb/v7e-m+fp/hard\libgcc.a
LOAD C:/ST/STM32CubeCLT_1.21.0/GNU-tools-for-STM32/bin/../lib/gcc/arm-none-eabi/14.3.1/../../../../arm-none-eabi/lib/thumb/v7e-m+fp/hard\libg_nano.a
LOAD C:/ST/STM32CubeCLT_1.21.0/GNU-tools-for-STM32/bin/../lib/gcc/arm-none-eabi/14.3.1/../../../../arm-none-eabi/lib/thumb/v7e-m+fp/hard\libc_nano.a
END GROUP
START GROUP
LOAD C:/ST/STM32CubeCLT_1.21.0/GNU-tools-for-STM32/bin/../lib/gcc/arm-none-eabi/14.3.1/thumb/v7e-m+fp/hard\libgcc.a
LOAD C:/ST/STM32CubeCLT_1.21.0/GNU-tools-for-STM32/bin/../lib/gcc/arm-none-eabi/14.3.1/../../../../arm-none-eabi/lib/thumb/v7e-m+fp/hard\libc_nano.a
END GROUP
LOAD C:/ST/STM32CubeCLT_1.21.0/GNU-tools-for-STM32/bin/../lib/gcc/arm-none-eabi/14.3.1/thumb/v7e-m+fp/hard/crtend.o
LOAD C:/ST/STM32CubeCLT_1.21.0/GNU-tools-for-STM32/bin/../lib/gcc/arm-none-eabi/14.3.1/thumb/v7e-m+fp/hard/crtn.o
                0x20030000                        _estack = (ORIGIN (RAM) + LENGTH (RAM))
                0x2002fc00                        _sstack = (_estack - _Min_Stack_Size)
                0x00000200                        _Min_Heap_Size = 0x200
                0x00000400                        _Min_Stack_Size = 0x400

.isr_vector     0x08000000      0x1ac
                0x08000000                        . = ALIGN (0x4)
 *(.isr_vector)
 .isr_vector    0x08000000      0x1ac CMakeFiles/Rover.dir/startup_stm32f429xx.s.obj
                0x08000000                g_pfnVectors
                0x080001ac                        . = ALIGN (0x4)

.text           0x080001ac     0x593c
                0x080001ac                        . = ALIGN (0x4)
 *(.text)
 .text          0x080001ac       0x40 C:/ST/STM32CubeCLT_1.21.0/GNU-tools-for-STM32/bin/../lib/gcc/arm-none-eabi/14.3.1/thumb/v7e-m+fp/hard/crtbegin.o
 .text          0x080001ec       0x30 C:/ST/STM32CubeCLT_1.21.0/GNU-tools-for-STM32/bin/../lib/gcc/arm-none-eabi/14.3.1/thumb/v7e-m+fp/hard\libgcc.a(_aeabi_uldivmod.o)
                0x080001ec                __aeabi_uldivmod
 .text          0x0800021c      0x2f8 C:/ST/STM32CubeCLT_1.21.0/GNU-tools-for-STM32/bin/../lib/gcc/arm-none-eabi/14.3.1/thumb/v7e-m+fp/hard\libgcc.a(_udivmoddi4.o)
                0x0800021c                __udivmoddi4
 .text          0x08000514        0x4 C:/ST/STM32CubeCLT_1.21.0/GNU-tools-for-STM32/bin/../lib/gcc/arm-none-eabi/14.3.1/thumb/v7e-m+fp/hard\libgcc.a(_dvmd_tls.o)
                0x08000514                __aeabi_idiv0
                0x08000514                __aeabi_ldiv0
 *(.text*)
 .text.SystemInit
                0x08000518       0x24 cmake/stm32cubemx/CMakeFiles/STM32_Drivers.dir/C_/Users/trapm/Desktop/Rover/Rover/Core/Src/system_stm32f4xx.c.obj
                0x08000518                SystemInit
 .text.HAL_TIM_Base_Init
                0x0800053c       0x9e cmake/stm32cubemx/CMakeFiles/STM32_Drivers.dir/C_/Users/trapm/Desktop/Rover/Rover/Drivers/STM32F4xx_HAL_Driver/Src/stm32f4xx_hal_tim.c.obj
                0x0800053c                HAL_TIM_Base_Init
 .text.HAL_TIM_PWM_Init
                0x080005da       0x9e cmake/stm32cubemx/CMakeFiles/STM32_Drivers.dir/C_/Users/trapm/Desktop/Rover/Rover/Drivers/STM32F4xx_HAL_Driver/Src/stm32f4xx_hal_tim.c.obj
                0x080005da                HAL_TIM_PWM_Init
 .text.HAL_TIM_PWM_Start
                0x08000678      0x190 cmake/stm32cubemx/CMakeFiles/STM32_Drivers.dir/C_/Users/trapm/Desktop/Rover/Rover/Drivers/STM32F4xx_HAL_Driver/Src/stm32f4xx_hal_tim.c.obj
                0x08000678                HAL_TIM_PWM_Start
 .text.HAL_TIM_Encoder_Init
                0x08000808      0x14c cmake/stm32cubemx/CMakeFiles/STM32_Drivers.dir/C_/Users/trapm/Desktop/Rover/Rover/Drivers/STM32F4xx_HAL_Driver/Src/stm32f4xx_hal_tim.c.obj
                0x08000808                HAL_TIM_Encoder_Init
 .text.HAL_TIM_Encoder_Start
                0x08000954      0x11c cmake/stm32cubemx/CMakeFiles/STM32_Drivers.dir/C_/Users/trapm/Desktop/Rover/Rover/Drivers/STM32F4xx_HAL_Driver/Src/stm32f4xx_hal_tim.c.obj
                0x08000954                HAL_TIM_Encoder_Start
 .text.HAL_TIM_PWM_ConfigChannel
                0x08000a70      0x184 cmake/stm32cubemx/CMakeFiles/STM32_Drivers.dir/C_/Users/trapm/Desktop/Rover/Rover/Drivers/STM32F4xx_HAL_Driver/Src/stm32f4xx_hal_tim.c.obj
                0x08000a70                HAL_TIM_PWM_ConfigChannel
 .text.TIM_Base_SetConfig
                0x08000bf4      0x14c cmake/stm32cubemx/CMakeFiles/STM32_Drivers.dir/C_/Users/trapm/Desktop/Rover/Rover/Drivers/STM32F4xx_HAL_Driver/Src/stm32f4xx_hal_tim.c.obj
                0x08000bf4                TIM_Base_SetConfig
 .text.TIM_OC1_SetConfig
                0x08000d40       0xe0 cmake/stm32cubemx/CMakeFiles/STM32_Drivers.dir/C_/Users/trapm/Desktop/Rover/Rover/Drivers/STM32F4xx_HAL_Driver/Src/stm32f4xx_hal_tim.c.obj
 .text.TIM_OC2_SetConfig
                0x08000e20       0xec cmake/stm32cubemx/CMakeFiles/STM32_Drivers.dir/C_/Users/trapm/Desktop/Rover/Rover/Drivers/STM32F4xx_HAL_Driver/Src/stm32f4xx_hal_tim.c.obj
                0x08000e20                TIM_OC2_SetConfig
 .text.TIM_OC3_SetConfig
                0x08000f0c       0xe8 cmake/stm32cubemx/CMakeFiles/STM32_Drivers.dir/C_/Users/trapm/Desktop/Rover/Rover/Drivers/STM32F4xx_HAL_Driver/Src/stm32f4xx_hal_tim.c.obj
 .text.TIM_OC4_SetConfig
                0x08000ff4       0xac cmake/stm32cubemx/CMakeFiles/STM32_Drivers.dir/C_/Users/trapm/Desktop/Rover/Rover/Drivers/STM32F4xx_HAL_Driver/Src/stm32f4xx_hal_tim.c.obj
 .text.TIM_CCxChannelCmd
                0x080010a0       0x4a cmake/stm32cubemx/CMakeFiles/STM32_Drivers.dir/C_/Users/trapm/Desktop/Rover/Rover/Drivers/STM32F4xx_HAL_Driver/Src/stm32f4xx_hal_tim.c.obj
                0x080010a0                TIM_CCxChannelCmd
 *fill*         0x080010ea        0x2 
 .text.HAL_TIMEx_MasterConfigSynchronization
                0x080010ec       0xf8 cmake/stm32cubemx/CMakeFiles/STM32_Drivers.dir/C_/Users/trapm/Desktop/Rover/Rover/Drivers/STM32F4xx_HAL_Driver/Src/stm32f4xx_hal_tim_ex.c.obj
                0x080010ec                HAL_TIMEx_MasterConfigSynchronization
 .text.HAL_RCC_OscConfig
                0x080011e4      0x4f0 cmake/stm32cubemx/CMakeFiles/STM32_Drivers.dir/C_/Users/trapm/Desktop/Rover/Rover/Drivers/STM32F4xx_HAL_Driver/Src/stm32f4xx_hal_rcc.c.obj
                0x080011e4                HAL_RCC_OscConfig
 .text.HAL_RCC_ClockConfig
                0x080016d4      0x1cc cmake/stm32cubemx/CMakeFiles/STM32_Drivers.dir/C_/Users/trapm/Desktop/Rover/Rover/Drivers/STM32F4xx_HAL_Driver/Src/stm32f4xx_hal_rcc.c.obj
                0x080016d4                HAL_RCC_ClockConfig
 .text.HAL_RCC_GetSysClockFreq
                0x080018a0      0x20c cmake/stm32cubemx/CMakeFiles/STM32_Drivers.dir/C_/Users/trapm/Desktop/Rover/Rover/Drivers/STM32F4xx_HAL_Driver/Src/stm32f4xx_hal_rcc.c.obj
                0x080018a0                HAL_RCC_GetSysClockFreq
 .text.HAL_RCC_GetHCLKFreq
                0x08001aac       0x18 cmake/stm32cubemx/CMakeFiles/STM32_Drivers.dir/C_/Users/trapm/Desktop/Rover/Rover/Drivers/STM32F4xx_HAL_Driver/Src/stm32f4xx_hal_rcc.c.obj
                0x08001aac                HAL_RCC_GetHCLKFreq
 .text.HAL_RCC_GetPCLK1Freq
                0x08001ac4       0x28 cmake/stm32cubemx/CMakeFiles/STM32_Drivers.dir/C_/Users/trapm/Desktop/Rover/Rover/Drivers/STM32F4xx_HAL_Driver/Src/stm32f4xx_hal_rcc.c.obj
                0x08001ac4                HAL_RCC_GetPCLK1Freq
 .text.HAL_RCC_GetPCLK2Freq
                0x08001aec       0x28 cmake/stm32cubemx/CMakeFiles/STM32_Drivers.dir/C_/Users/trapm/Desktop/Rover/Rover/Drivers/STM32F4xx_HAL_Driver/Src/stm32f4xx_hal_rcc.c.obj
                0x08001aec                HAL_RCC_GetPCLK2Freq
 .text.HAL_GPIO_Init
                0x08001b14      0x358 cmake/stm32cubemx/CMakeFiles/STM32_Drivers.dir/C_/Users/trapm/Desktop/Rover/Rover/Drivers/STM32F4xx_HAL_Driver/Src/stm32f4xx_hal_gpio.c.obj
                0x08001b14                HAL_GPIO_Init
 .text.HAL_GPIO_WritePin
                0x08001e6c       0x32 cmake/stm32cubemx/CMakeFiles/STM32_Drivers.dir/C_/Users/trapm/Desktop/Rover/Rover/Drivers/STM32F4xx_HAL_Driver/Src/stm32f4xx_hal_gpio.c.obj
                0x08001e6c                HAL_GPIO_WritePin
 *fill*         0x08001e9e        0x2 
 .text.HAL_DMA_Init
                0x08001ea0      0x15c cmake/stm32cubemx/CMakeFiles/STM32_Drivers.dir/C_/Users/trapm/Desktop/Rover/Rover/Drivers/STM32F4xx_HAL_Driver/Src/stm32f4xx_hal_dma.c.obj
                0x08001ea0                HAL_DMA_Init
 .text.HAL_DMA_Start_IT
                0x08001ffc       0xb0 cmake/stm32cubemx/CMakeFiles/STM32_Drivers.dir/C_/Users/trapm/Desktop/Rover/Rover/Drivers/STM32F4xx_HAL_Driver/Src/stm32f4xx_hal_dma.c.obj
                0x08001ffc                HAL_DMA_Start_IT
 .text.HAL_DMA_Abort
                0x080020ac       0xe0 cmake/stm32cubemx/CMakeFiles/STM32_Drivers.dir/C_/Users/trapm/Desktop/Rover/Rover/Drivers/STM32F4xx_HAL_Driver/Src/stm32f4xx_hal_dma.c.obj
                0x080020ac                HAL_DMA_Abort
 .text.HAL_DMA_Abort_IT
                0x0800218c       0x44 cmake/stm32cubemx/CMakeFiles/STM32_Drivers.dir/C_/Users/trapm/Desktop/Rover/Rover/Drivers/STM32F4xx_HAL_Driver/Src/stm32f4xx_hal_dma.c.obj
                0x0800218c                HAL_DMA_Abort_IT
 .text.HAL_DMA_IRQHandler
                0x080021d0      0x314 cmake/stm32cubemx/CMakeFiles/STM32_Drivers.dir/C_/Users/trapm/Desktop/Rover/Rover/Drivers/STM32F4xx_HAL_Driver/Src/stm32f4xx_hal_dma.c.obj
                0x080021d0                HAL_DMA_IRQHandler
 .text.DMA_SetConfig
                0x080024e4       0x5c cmake/stm32cubemx/CMakeFiles/STM32_Drivers.dir/C_/Users/trapm/Desktop/Rover/Rover/Drivers/STM32F4xx_HAL_Driver/Src/stm32f4xx_hal_dma.c.obj
 .text.DMA_CalcBaseAndBitshift
                0x08002540       0x6c cmake/stm32cubemx/CMakeFiles/STM32_Drivers.dir/C_/Users/trapm/Desktop/Rover/Rover/Drivers/STM32F4xx_HAL_Driver/Src/stm32f4xx_hal_dma.c.obj
 .text.DMA_CheckFifoParam
                0x080025ac       0xf8 cmake/stm32cubemx/CMakeFiles/STM32_Drivers.dir/C_/Users/trapm/Desktop/Rover/Rover/Drivers/STM32F4xx_HAL_Driver/Src/stm32f4xx_hal_dma.c.obj
 .text.HAL_PWREx_EnableOverDrive
                0x080026a4       0xa0 cmake/stm32cubemx/CMakeFiles/STM32_Drivers.dir/C_/Users/trapm/Desktop/Rover/Rover/Drivers/STM32F4xx_HAL_Driver/Src/stm32f4xx_hal_pwr_ex.c.obj
                0x080026a4                HAL_PWREx_EnableOverDrive
 .text.__NVIC_SetPriorityGrouping
                0x08002744       0x48 cmake/stm32cubemx/CMakeFiles/STM32_Drivers.dir/C_/Users/trapm/Desktop/Rover/Rover/Drivers/STM32F4xx_HAL_Driver/Src/stm32f4xx_hal_cortex.c.obj
 .text.__NVIC_GetPriorityGrouping
                0x0800278c       0x1c cmake/stm32cubemx/CMakeFiles/STM32_Drivers.dir/C_/Users/trapm/Desktop/Rover/Rover/Drivers/STM32F4xx_HAL_Driver/Src/stm32f4xx_hal_cortex.c.obj
 .text.__NVIC_EnableIRQ
                0x080027a8       0x3c cmake/stm32cubemx/CMakeFiles/STM32_Drivers.dir/C_/Users/trapm/Desktop/Rover/Rover/Drivers/STM32F4xx_HAL_Driver/Src/stm32f4xx_hal_cortex.c.obj
 .text.__NVIC_SetPriority
                0x080027e4       0x54 cmake/stm32cubemx/CMakeFiles/STM32_Drivers.dir/C_/Users/trapm/Desktop/Rover/Rover/Drivers/STM32F4xx_HAL_Driver/Src/stm32f4xx_hal_cortex.c.obj
 .text.NVIC_EncodePriority
                0x08002838       0x66 cmake/stm32cubemx/CMakeFiles/STM32_Drivers.dir/C_/Users/trapm/Desktop/Rover/Rover/Drivers/STM32F4xx_HAL_Driver/Src/stm32f4xx_hal_cortex.c.obj
 *fill*         0x0800289e        0x2 
 .text.SysTick_Config
                0x080028a0       0x44 cmake/stm32cubemx/CMakeFiles/STM32_Drivers.dir/C_/Users/trapm/Desktop/Rover/Rover/Drivers/STM32F4xx_HAL_Driver/Src/stm32f4xx_hal_cortex.c.obj
 .text.HAL_NVIC_SetPriorityGrouping
                0x080028e4       0x16 cmake/stm32cubemx/CMakeFiles/STM32_Drivers.dir/C_/Users/trapm/Desktop/Rover/Rover/Drivers/STM32F4xx_HAL_Driver/Src/stm32f4xx_hal_cortex.c.obj
                0x080028e4                HAL_NVIC_SetPriorityGrouping
 .text.HAL_NVIC_SetPriority
                0x080028fa       0x38 cmake/stm32cubemx/CMakeFiles/STM32_Drivers.dir/C_/Users/trapm/Desktop/Rover/Rover/Drivers/STM32F4xx_HAL_Driver/Src/stm32f4xx_hal_cortex.c.obj
                0x080028fa                HAL_NVIC_SetPriority
 .text.HAL_NVIC_EnableIRQ
                0x08002932       0x1c cmake/stm32cubemx/CMakeFiles/STM32_Drivers.dir/C_/Users/trapm/Desktop/Rover/Rover/Drivers/STM32F4xx_HAL_Driver/Src/stm32f4xx_hal_cortex.c.obj
                0x08002932                HAL_NVIC_EnableIRQ
 .text.HAL_SYSTICK_Config
                0x0800294e       0x18 cmake/stm32cubemx/CMakeFiles/STM32_Drivers.dir/C_/Users/trapm/Desktop/Rover/Rover/Drivers/STM32F4xx_HAL_Driver/Src/stm32f4xx_hal_cortex.c.obj
                0x0800294e                HAL_SYSTICK_Config
 *fill*         0x08002966        0x2 
 .text.HAL_Init
                0x08002968       0x44 cmake/stm32cubemx/CMakeFiles/STM32_Drivers.dir/C_/Users/trapm/Desktop/Rover/Rover/Drivers/STM32F4xx_HAL_Driver/Src/stm32f4xx_hal.c.obj
                0x08002968                HAL_Init
 .text.HAL_InitTick
                0x080029ac       0x60 cmake/stm32cubemx/CMakeFiles/STM32_Drivers.dir/C_/Users/trapm/Desktop/Rover/Rover/Drivers/STM32F4xx_HAL_Driver/Src/stm32f4xx_hal.c.obj
                0x080029ac                HAL_InitTick
 .text.HAL_IncTick
                0x08002a0c       0x28 cmake/stm32cubemx/CMakeFiles/STM32_Drivers.dir/C_/Users/trapm/Desktop/Rover/Rover/Drivers/STM32F4xx_HAL_Driver/Src/stm32f4xx_hal.c.obj
                0x08002a0c                HAL_IncTick
 .text.HAL_GetTick
                0x08002a34       0x18 cmake/stm32cubemx/CMakeFiles/STM32_Drivers.dir/C_/Users/trapm/Desktop/Rover/Rover/Drivers/STM32F4xx_HAL_Driver/Src/stm32f4xx_hal.c.obj
                0x08002a34                HAL_GetTick
 .text.HAL_UART_Init
                0x08002a4c       0xa0 cmake/stm32cubemx/CMakeFiles/STM32_Drivers.dir/C_/Users/trapm/Desktop/Rover/Rover/Drivers/STM32F4xx_HAL_Driver/Src/stm32f4xx_hal_uart.c.obj
                0x08002a4c                HAL_UART_Init
 .text.HAL_UART_Receive_IT
                0x08002aec       0x4a cmake/stm32cubemx/CMakeFiles/STM32_Drivers.dir/C_/Users/trapm/Desktop/Rover/Rover/Drivers/STM32F4xx_HAL_Driver/Src/stm32f4xx_hal_uart.c.obj
                0x08002aec                HAL_UART_Receive_IT
 *fill*         0x08002b36        0x2 
 .text.HAL_UART_Transmit_DMA
                0x08002b38       0xf8 cmake/stm32cubemx/CMakeFiles/STM32_Drivers.dir/C_/Users/trapm/Desktop/Rover/Rover/Drivers/STM32F4xx_HAL_Driver/Src/stm32f4xx_hal_uart.c.obj
                0x08002b38                HAL_UART_Transmit_DMA
 .text.HAL_UART_IRQHandler
                0x08002c30      0x554 cmake/stm32cubemx/CMakeFiles/STM32_Drivers.dir/C_/Users/trapm/Desktop/Rover/Rover/Drivers/STM32F4xx_HAL_Driver/Src/stm32f4xx_hal_uart.c.obj
                0x08002c30                HAL_UART_IRQHandler
 .text.HAL_UART_TxCpltCallback
                0x08003184       0x14 cmake/stm32cubemx/CMakeFiles/STM32_Drivers.dir/C_/Users/trapm/Desktop/Rover/Rover/Drivers/STM32F4xx_HAL_Driver/Src/stm32f4xx_hal_uart.c.obj
                0x08003184                HAL_UART_TxCpltCallback
 .text.HAL_UART_TxHalfCpltCallback
                0x08003198       0x14 cmake/stm32cubemx/CMakeFiles/STM32_Drivers.dir/C_/Users/trapm/Desktop/Rover/Rover/Drivers/STM32F4xx_HAL_Driver/Src/stm32f4xx_hal_uart.c.obj
                0x08003198                HAL_UART_TxHalfCpltCallback
 .text.HAL_UART_ErrorCallback
                0x080031ac       0x14 cmake/stm32cubemx/CMakeFiles/STM32_Drivers.dir/C_/Users/trapm/Desktop/Rover/Rover/Drivers/STM32F4xx_HAL_Driver/Src/stm32f4xx_hal_uart.c.obj
                0x080031ac                HAL_UART_ErrorCallback
 .text.HAL_UARTEx_RxEventCallback
                0x080031c0       0x18 cmake/stm32cubemx/CMakeFiles/STM32_Drivers.dir/C_/Users/trapm/Desktop/Rover/Rover/Drivers/STM32F4xx_HAL_Driver/Src/stm32f4xx_hal_uart.c.obj
                0x080031c0                HAL_UARTEx_RxEventCallback
 .text.UART_DMATransmitCplt
                0x080031d8       0x9a cmake/stm32cubemx/CMakeFiles/STM32_Drivers.dir/C_/Users/trapm/Desktop/Rover/Rover/Drivers/STM32F4xx_HAL_Driver/Src/stm32f4xx_hal_uart.c.obj
 .text.UART_DMATxHalfCplt
                0x08003272       0x1c cmake/stm32cubemx/CMakeFiles/STM32_Drivers.dir/C_/Users/trapm/Desktop/Rover/Rover/Drivers/STM32F4xx_HAL_Driver/Src/stm32f4xx_hal_uart.c.obj
 .text.UART_DMAError
                0x0800328e       0x94 cmake/stm32cubemx/CMakeFiles/STM32_Drivers.dir/C_/Users/trapm/Desktop/Rover/Rover/Drivers/STM32F4xx_HAL_Driver/Src/stm32f4xx_hal_uart.c.obj
 .text.UART_Start_Receive_IT
                0x08003322       0x74 cmake/stm32cubemx/CMakeFiles/STM32_Drivers.dir/C_/Users/trapm/Desktop/Rover/Rover/Drivers/STM32F4xx_HAL_Driver/Src/stm32f4xx_hal_uart.c.obj
                0x08003322                UART_Start_Receive_IT
 .text.UART_EndTxTransfer
                0x08003396       0x50 cmake/stm32cubemx/CMakeFiles/STM32_Drivers.dir/C_/Users/trapm/Desktop/Rover/Rover/Drivers/STM32F4xx_HAL_Driver/Src/stm32f4xx_hal_uart.c.obj
 .text.UART_EndRxTransfer
                0x080033e6       0xc6 cmake/stm32cubemx/CMakeFiles/STM32_Drivers.dir/C_/Users/trapm/Desktop/Rover/Rover/Drivers/STM32F4xx_HAL_Driver/Src/stm32f4xx_hal_uart.c.obj
 .text.UART_DMAAbortOnError
                0x080034ac       0x22 cmake/stm32cubemx/CMakeFiles/STM32_Drivers.dir/C_/Users/trapm/Desktop/Rover/Rover/Drivers/STM32F4xx_HAL_Driver/Src/stm32f4xx_hal_uart.c.obj
 .text.UART_Transmit_IT
                0x080034ce       0xa0 cmake/stm32cubemx/CMakeFiles/STM32_Drivers.dir/C_/Users/trapm/Desktop/Rover/Rover/Drivers/STM32F4xx_HAL_Driver/Src/stm32f4xx_hal_uart.c.obj
 .text.UART_EndTransmit_IT
                0x0800356e       0x30 cmake/stm32cubemx/CMakeFiles/STM32_Drivers.dir/C_/Users/trapm/Desktop/Rover/Rover/Drivers/STM32F4xx_HAL_Driver/Src/stm32f4xx_hal_uart.c.obj
 .text.UART_Receive_IT
                0x0800359e      0x17c cmake/stm32cubemx/CMakeFiles/STM32_Drivers.dir/C_/Users/trapm/Desktop/Rover/Rover/Drivers/STM32F4xx_HAL_Driver/Src/stm32f4xx_hal_uart.c.obj
 *fill*         0x0800371a        0x2 
 .text.UART_SetConfig
                0x0800371c      0x4e8 cmake/stm32cubemx/CMakeFiles/STM32_Drivers.dir/C_/Users/trapm/Desktop/Rover/Rover/Drivers/STM32F4xx_HAL_Driver/Src/stm32f4xx_hal_uart.c.obj
 .text.main     0x08003c04      0x2ec CMakeFiles/Rover.dir/C_/Users/trapm/Desktop/Rover/Rover/Core/Src/main.c.obj
                0x08003c04                main
 .text.SystemClock_Config
                0x08003ef0       0xe0 CMakeFiles/Rover.dir/C_/Users/trapm/Desktop/Rover/Rover/Core/Src/main.c.obj
                0x08003ef0                SystemClock_Config
 .text.MX_TIM1_Init
                0x08003fd0       0xb0 CMakeFiles/Rover.dir/C_/Users/trapm/Desktop/Rover/Rover/Core/Src/main.c.obj
 .text.MX_TIM2_Init
                0x08004080       0xa8 CMakeFiles/Rover.dir/C_/Users/trapm/Desktop/Rover/Rover/Core/Src/main.c.obj
 .text.MX_TIM3_Init
                0x08004128       0xa8 CMakeFiles/Rover.dir/C_/Users/trapm/Desktop/Rover/Rover/Core/Src/main.c.obj
 .text.MX_TIM4_Init
                0x080041d0       0xa8 CMakeFiles/Rover.dir/C_/Users/trapm/Desktop/Rover/Rover/Core/Src/main.c.obj
 .text.MX_TIM5_Init
                0x08004278       0xa8 CMakeFiles/Rover.dir/C_/Users/trapm/Desktop/Rover/Rover/Core/Src/main.c.obj
 .text.MX_TIM8_Init
                0x08004320       0xb0 CMakeFiles/Rover.dir/C_/Users/trapm/Desktop/Rover/Rover/Core/Src/main.c.obj
 .text.MX_TIM9_Init
                0x080043d0       0x8c CMakeFiles/Rover.dir/C_/Users/trapm/Desktop/Rover/Rover/Core/Src/main.c.obj
 .text.MX_TIM10_Init
                0x0800445c       0x9c CMakeFiles/Rover.dir/C_/Users/trapm/Desktop/Rover/Rover/Core/Src/main.c.obj
 .text.MX_TIM11_Init
                0x080044f8       0x9c CMakeFiles/Rover.dir/C_/Users/trapm/Desktop/Rover/Rover/Core/Src/main.c.obj
 .text.MX_TIM12_Init
                0x08004594       0x8c CMakeFiles/Rover.dir/C_/Users/trapm/Desktop/Rover/Rover/Core/Src/main.c.obj
 .text.MX_TIM13_Init
                0x08004620       0x9c CMakeFiles/Rover.dir/C_/Users/trapm/Desktop/Rover/Rover/Core/Src/main.c.obj
 .text.MX_TIM14_Init
                0x080046bc       0x9c CMakeFiles/Rover.dir/C_/Users/trapm/Desktop/Rover/Rover/Core/Src/main.c.obj
 .text.MX_UART4_Init
                0x08004758       0x54 CMakeFiles/Rover.dir/C_/Users/trapm/Desktop/Rover/Rover/Core/Src/main.c.obj
 .text.MX_DMA_Init
                0x080047ac       0x50 CMakeFiles/Rover.dir/C_/Users/trapm/Desktop/Rover/Rover/Core/Src/main.c.obj
 .text.MX_GPIO_Init
                0x080047fc      0x2a8 CMakeFiles/Rover.dir/C_/Users/trapm/Desktop/Rover/Rover/Core/Src/main.c.obj
 .text.HAL_UART_RxCpltCallback
                0x08004aa4       0x3c CMakeFiles/Rover.dir/C_/Users/trapm/Desktop/Rover/Rover/Core/Src/main.c.obj
                0x08004aa4                HAL_UART_RxCpltCallback
 .text.Error_Handler
                0x08004ae0        0xc CMakeFiles/Rover.dir/C_/Users/trapm/Desktop/Rover/Rover/Core/Src/main.c.obj
                0x08004ae0                Error_Handler
 .text.NMI_Handler
                0x08004aec        0x8 CMakeFiles/Rover.dir/C_/Users/trapm/Desktop/Rover/Rover/Core/Src/stm32f4xx_it.c.obj
                0x08004aec                NMI_Handler
 .text.HardFault_Handler
                0x08004af4        0x8 CMakeFiles/Rover.dir/C_/Users/trapm/Desktop/Rover/Rover/Core/Src/stm32f4xx_it.c.obj
                0x08004af4                HardFault_Handler
 .text.MemManage_Handler
                0x08004afc        0x8 CMakeFiles/Rover.dir/C_/Users/trapm/Desktop/Rover/Rover/Core/Src/stm32f4xx_it.c.obj
                0x08004afc                MemManage_Handler
 .text.BusFault_Handler
                0x08004b04        0x8 CMakeFiles/Rover.dir/C_/Users/trapm/Desktop/Rover/Rover/Core/Src/stm32f4xx_it.c.obj
                0x08004b04                BusFault_Handler
 .text.UsageFault_Handler
                0x08004b0c        0x8 CMakeFiles/Rover.dir/C_/Users/trapm/Desktop/Rover/Rover/Core/Src/stm32f4xx_it.c.obj
                0x08004b0c                UsageFault_Handler
 .text.SVC_Handler
                0x08004b14        0xe CMakeFiles/Rover.dir/C_/Users/trapm/Desktop/Rover/Rover/Core/Src/stm32f4xx_it.c.obj
                0x08004b14                SVC_Handler
 .text.DebugMon_Handler
                0x08004b22        0xe CMakeFiles/Rover.dir/C_/Users/trapm/Desktop/Rover/Rover/Core/Src/stm32f4xx_it.c.obj
                0x08004b22                DebugMon_Handler
 .text.PendSV_Handler
                0x08004b30        0xe CMakeFiles/Rover.dir/C_/Users/trapm/Desktop/Rover/Rover/Core/Src/stm32f4xx_it.c.obj
                0x08004b30                PendSV_Handler
 .text.SysTick_Handler
                0x08004b3e        0xc CMakeFiles/Rover.dir/C_/Users/trapm/Desktop/Rover/Rover/Core/Src/stm32f4xx_it.c.obj
                0x08004b3e                SysTick_Handler
 *fill*         0x08004b4a        0x2 
 .text.DMA1_Stream2_IRQHandler
                0x08004b4c       0x14 CMakeFiles/Rover.dir/C_/Users/trapm/Desktop/Rover/Rover/Core/Src/stm32f4xx_it.c.obj
                0x08004b4c                DMA1_Stream2_IRQHandler
 .text.DMA1_Stream4_IRQHandler
                0x08004b60       0x14 CMakeFiles/Rover.dir/C_/Users/trapm/Desktop/Rover/Rover/Core/Src/stm32f4xx_it.c.obj
                0x08004b60                DMA1_Stream4_IRQHandler
 .text.UART4_IRQHandler
                0x08004b74       0x14 CMakeFiles/Rover.dir/C_/Users/trapm/Desktop/Rover/Rover/Core/Src/stm32f4xx_it.c.obj
                0x08004b74                UART4_IRQHandler
 .text.HAL_MspInit
                0x08004b88       0x50 CMakeFiles/Rover.dir/C_/Users/trapm/Desktop/Rover/Rover/Core/Src/stm32f4xx_hal_msp.c.obj
                0x08004b88                HAL_MspInit
 .text.HAL_TIM_Encoder_MspInit
                0x08004bd8      0x324 CMakeFiles/Rover.dir/C_/Users/trapm/Desktop/Rover/Rover/Core/Src/stm32f4xx_hal_msp.c.obj
                0x08004bd8                HAL_TIM_Encoder_MspInit
 .text.HAL_TIM_PWM_MspInit
                0x08004efc       0x70 CMakeFiles/Rover.dir/C_/Users/trapm/Desktop/Rover/Rover/Core/Src/stm32f4xx_hal_msp.c.obj
                0x08004efc                HAL_TIM_PWM_MspInit
 .text.HAL_TIM_Base_MspInit
                0x08004f6c       0xc8 CMakeFiles/Rover.dir/C_/Users/trapm/Desktop/Rover/Rover/Core/Src/stm32f4xx_hal_msp.c.obj
                0x08004f6c                HAL_TIM_Base_MspInit
 .text.HAL_TIM_MspPostInit
                0x08005034      0x1fc CMakeFiles/Rover.dir/C_/Users/trapm/Desktop/Rover/Rover/Core/Src/stm32f4xx_hal_msp.c.obj
                0x08005034                HAL_TIM_MspPostInit
 .text.HAL_UART_MspInit
                0x08005230      0x16c CMakeFiles/Rover.dir/C_/Users/trapm/Desktop/Rover/Rover/Core/Src/stm32f4xx_hal_msp.c.obj
                0x08005230                HAL_UART_MspInit
 .text.Reset_Handler
                0x0800539c       0x50 CMakeFiles/Rover.dir/startup_stm32f429xx.s.obj
                0x0800539c                Reset_Handler
 .text.Default_Handler
                0x080053ec        0x2 CMakeFiles/Rover.dir/startup_stm32f429xx.s.obj
                0x080053ec                RTC_Alarm_IRQHandler
                0x080053ec                HASH_RNG_IRQHandler
                0x080053ec                EXTI2_IRQHandler
                0x080053ec                TIM8_CC_IRQHandler
                0x080053ec                UART8_IRQHandler
                0x080053ec                SPI4_IRQHandler
                0x080053ec                TIM1_CC_IRQHandler
                0x080053ec                DMA2_Stream5_IRQHandler
                0x080053ec                DMA1_Stream5_IRQHandler
                0x080053ec                PVD_IRQHandler
                0x080053ec                SDIO_IRQHandler
                0x080053ec                TAMP_STAMP_IRQHandler
                0x080053ec                CAN2_RX1_IRQHandler
                0x080053ec                EXTI3_IRQHandler
                0x080053ec                TIM8_TRG_COM_TIM14_IRQHandler
                0x080053ec                TIM1_UP_TIM10_IRQHandler
                0x080053ec                TIM8_UP_TIM13_IRQHandler
                0x080053ec                I2C3_ER_IRQHandler
                0x080053ec                EXTI0_IRQHandler
                0x080053ec                I2C2_EV_IRQHandler
                0x080053ec                CAN1_RX0_IRQHandler
                0x080053ec                FPU_IRQHandler
                0x080053ec                OTG_HS_WKUP_IRQHandler
                0x080053ec                LTDC_ER_IRQHandler
                0x080053ec                CAN2_SCE_IRQHandler
                0x080053ec                DMA2_Stream2_IRQHandler
                0x080053ec                SPI1_IRQHandler
                0x080053ec                TIM6_DAC_IRQHandler
                0x080053ec                TIM1_BRK_TIM9_IRQHandler
                0x080053ec                DCMI_IRQHandler
                0x080053ec                CAN2_RX0_IRQHandler
                0x080053ec                DMA2_Stream3_IRQHandler
                0x080053ec                USART6_IRQHandler
                0x080053ec                USART3_IRQHandler
                0x080053ec                CAN1_RX1_IRQHandler
                0x080053ec                UART5_IRQHandler
                0x080053ec                DMA2_Stream0_IRQHandler
                0x080053ec                TIM4_IRQHandler
                0x080053ec                I2C1_EV_IRQHandler
                0x080053ec                DMA1_Stream6_IRQHandler
                0x080053ec                DMA1_Stream1_IRQHandler
                0x080053ec                TIM3_IRQHandler
                0x080053ec                RCC_IRQHandler
                0x080053ec                TIM8_BRK_TIM12_IRQHandler
                0x080053ec                Default_Handler
                0x080053ec                EXTI15_10_IRQHandler
                0x080053ec                ADC_IRQHandler
                0x080053ec                DMA1_Stream7_IRQHandler
                0x080053ec                SPI5_IRQHandler
                0x080053ec                TIM7_IRQHandler
                0x080053ec                CAN2_TX_IRQHandler
                0x080053ec                TIM5_IRQHandler
                0x080053ec                DMA2_Stream7_IRQHandler
                0x080053ec                I2C3_EV_IRQHandler
                0x080053ec                EXTI9_5_IRQHandler
                0x080053ec                RTC_WKUP_IRQHandler
                0x080053ec                LTDC_IRQHandler
                0x080053ec                ETH_WKUP_IRQHandler
                0x080053ec                SPI2_IRQHandler
                0x080053ec                OTG_HS_EP1_IN_IRQHandler
                0x080053ec                DMA1_Stream0_IRQHandler
                0x080053ec                CAN1_TX_IRQHandler
                0x080053ec                EXTI4_IRQHandler
                0x080053ec                ETH_IRQHandler
                0x080053ec                OTG_HS_EP1_OUT_IRQHandler
                0x080053ec                WWDG_IRQHandler
                0x080053ec                SPI6_IRQHandler
                0x080053ec                TIM2_IRQHandler
                0x080053ec                OTG_FS_WKUP_IRQHandler
                0x080053ec                TIM1_TRG_COM_TIM11_IRQHandler
                0x080053ec                OTG_HS_IRQHandler
                0x080053ec                DMA2D_IRQHandler
                0x080053ec                EXTI1_IRQHandler
                0x080053ec                UART7_IRQHandler
                0x080053ec                USART2_IRQHandler
                0x080053ec                I2C2_ER_IRQHandler
                0x080053ec                DMA2_Stream1_IRQHandler
                0x080053ec                CAN1_SCE_IRQHandler
                0x080053ec                FLASH_IRQHandler
                0x080053ec                DMA2_Stream4_IRQHandler
                0x080053ec                USART1_IRQHandler
                0x080053ec                OTG_FS_IRQHandler
                0x080053ec                SPI3_IRQHandler
                0x080053ec                I2C1_ER_IRQHandler
                0x080053ec                FMC_IRQHandler
                0x080053ec                DMA2_Stream6_IRQHandler
                0x080053ec                SAI1_IRQHandler
                0x080053ec                DMA1_Stream3_IRQHandler
 *fill*         0x080053ee        0x2 
 .text.calculate_kinematics
                0x080053f0       0x8c CMakeFiles/Rover.dir/C_/Users/trapm/Desktop/Rover/Rover/Core/Src/protocol.c.obj
                0x080053f0                calculate_kinematics
 .text.parse_packet
                0x0800547c      0x128 CMakeFiles/Rover.dir/C_/Users/trapm/Desktop/Rover/Rover/Core/Src/protocol.c.obj
                0x0800547c                parse_packet
 .text.calculate_crc8
                0x080055a4       0x72 CMakeFiles/Rover.dir/C_/Users/trapm/Desktop/Rover/Rover/Core/Src/protocol.c.obj
                0x080055a4                calculate_crc8
 *fill*         0x08005616        0x2 
 .text.parse_incoming_byte
                0x08005618      0x11c CMakeFiles/Rover.dir/C_/Users/trapm/Desktop/Rover/Rover/Core/Src/protocol.c.obj
                0x08005618                parse_incoming_byte
 .text.PID_Init
                0x08005734       0x56 CMakeFiles/Rover.dir/C_/Users/trapm/Desktop/Rover/Rover/Core/Src/pid.c.obj
                0x08005734                PID_Init
 .text.PID_Update
                0x0800578a      0x14e CMakeFiles/Rover.dir/C_/Users/trapm/Desktop/Rover/Rover/Core/Src/pid.c.obj
                0x0800578a                PID_Update
 .text.apply_motor_power
                0x080058d8       0xfc CMakeFiles/Rover.dir/C_/Users/trapm/Desktop/Rover/Rover/Core/Src/motor.c.obj
                0x080058d8                apply_motor_power
 .text.read_encoders
                0x080059d4       0xa4 CMakeFiles/Rover.dir/C_/Users/trapm/Desktop/Rover/Rover/Core/Src/encoder.c.obj
                0x080059d4                read_encoders
 .text.memset   0x08005a78       0x10 C:/ST/STM32CubeCLT_1.21.0/GNU-tools-for-STM32/bin/../lib/gcc/arm-none-eabi/14.3.1/../../../../arm-none-eabi/lib/thumb/v7e-m+fp/hard\libg_nano.a(libc_a-memset.o)
                0x08005a78                memset
 .text.__libc_init_array
                0x08005a88       0x48 C:/ST/STM32CubeCLT_1.21.0/GNU-tools-for-STM32/bin/../lib/gcc/arm-none-eabi/14.3.1/../../../../arm-none-eabi/lib/thumb/v7e-m+fp/hard\libg_nano.a(libc_a-init.o)
                0x08005a88                __libc_init_array
 *(.glue_7)
 .glue_7        0x08005ad0        0x0 linker stubs
 *(.glue_7t)
 .glue_7t       0x08005ad0        0x0 linker stubs
 *(.eh_frame)
 .eh_frame      0x08005ad0        0x0 C:/ST/STM32CubeCLT_1.21.0/GNU-tools-for-STM32/bin/../lib/gcc/arm-none-eabi/14.3.1/thumb/v7e-m+fp/hard/crtbegin.o
 *(.init)
 .init          0x08005ad0        0x4 C:/ST/STM32CubeCLT_1.21.0/GNU-tools-for-STM32/bin/../lib/gcc/arm-none-eabi/14.3.1/thumb/v7e-m+fp/hard/crti.o
                0x08005ad0                _init
 .init          0x08005ad4        0x8 C:/ST/STM32CubeCLT_1.21.0/GNU-tools-for-STM32/bin/../lib/gcc/arm-none-eabi/14.3.1/thumb/v7e-m+fp/hard/crtn.o
 *(.fini)
 .fini          0x08005adc        0x4 C:/ST/STM32CubeCLT_1.21.0/GNU-tools-for-STM32/bin/../lib/gcc/arm-none-eabi/14.3.1/thumb/v7e-m+fp/hard/crti.o
                0x08005adc                _fini
 .fini          0x08005ae0        0x8 C:/ST/STM32CubeCLT_1.21.0/GNU-tools-for-STM32/bin/../lib/gcc/arm-none-eabi/14.3.1/thumb/v7e-m+fp/hard/crtn.o
                0x08005ae8                        . = ALIGN (0x4)
                0x08005ae8                        _etext = .

.vfp11_veneer   0x08005ae8        0x0
 .vfp11_veneer  0x08005ae8        0x0 linker stubs

.v4_bx          0x08005ae8        0x0
 .v4_bx         0x08005ae8        0x0 linker stubs

.iplt           0x08005ae8        0x0
 .iplt          0x08005ae8        0x0 C:/ST/STM32CubeCLT_1.21.0/GNU-tools-for-STM32/bin/../lib/gcc/arm-none-eabi/14.3.1/thumb/v7e-m+fp/hard/crtbegin.o

.rodata         0x08005ae8       0x20
                0x08005ae8                        . = ALIGN (0x4)
 *(.rodata)
 *(.rodata*)
 .rodata.AHBPrescTable
                0x08005ae8       0x10 cmake/stm32cubemx/CMakeFiles/STM32_Drivers.dir/C_/Users/trapm/Desktop/Rover/Rover/Core/Src/system_stm32f4xx.c.obj
                0x08005ae8                AHBPrescTable
 .rodata.APBPrescTable
                0x08005af8        0x8 cmake/stm32cubemx/CMakeFiles/STM32_Drivers.dir/C_/Users/trapm/Desktop/Rover/Rover/Core/Src/system_stm32f4xx.c.obj
                0x08005af8                APBPrescTable
 .rodata.flagBitshiftOffset.0
                0x08005b00        0x8 cmake/stm32cubemx/CMakeFiles/STM32_Drivers.dir/C_/Users/trapm/Desktop/Rover/Rover/Drivers/STM32F4xx_HAL_Driver/Src/stm32f4xx_hal_dma.c.obj
                0x08005b08                        . = ALIGN (0x4)

.ARM.extab      0x08005b08        0x0
                0x08005b08                        . = ALIGN (0x4)
 *(.ARM.extab* .gnu.linkonce.armextab.*)
                0x08005b08                        . = ALIGN (0x4)

.ARM            0x08005b08        0x8
                0x08005b08                        . = ALIGN (0x4)
                0x08005b08                        __exidx_start = .
 *(.ARM.exidx*)
 .ARM.exidx     0x08005b08        0x8 C:/ST/STM32CubeCLT_1.21.0/GNU-tools-for-STM32/bin/../lib/gcc/arm-none-eabi/14.3.1/thumb/v7e-m+fp/hard\libgcc.a(_udivmoddi4.o)
                0x08005b10                        __exidx_end = .
                0x08005b10                        . = ALIGN (0x4)

.preinit_array  0x08005b10        0x0
                0x08005b10                        . = ALIGN (0x4)
                0x08005b10                        PROVIDE (__preinit_array_start = .)
 *(.preinit_array*)
                0x08005b10                        PROVIDE (__preinit_array_end = .)
                0x08005b10                        . = ALIGN (0x4)

.init_array     0x08005b10        0x4
                0x08005b10                        . = ALIGN (0x4)
                0x08005b10                        PROVIDE (__init_array_start = .)
 *(SORT_BY_NAME(.init_array.*))
 *(.init_array*)
 .init_array    0x08005b10        0x4 C:/ST/STM32CubeCLT_1.21.0/GNU-tools-for-STM32/bin/../lib/gcc/arm-none-eabi/14.3.1/thumb/v7e-m+fp/hard/crtbegin.o
                0x08005b14                        PROVIDE (__init_array_end = .)
                0x08005b14                        . = ALIGN (0x4)

.fini_array     0x08005b14        0x4
                0x08005b14                        . = ALIGN (0x4)
                [!provide]                        PROVIDE (__fini_array_start = .)
 *(SORT_BY_NAME(.fini_array.*))
 *(.fini_array*)
 .fini_array    0x08005b14        0x4 C:/ST/STM32CubeCLT_1.21.0/GNU-tools-for-STM32/bin/../lib/gcc/arm-none-eabi/14.3.1/thumb/v7e-m+fp/hard/crtbegin.o
                [!provide]                        PROVIDE (__fini_array_end = .)
                0x08005b18                        . = ALIGN (0x4)
                0x08005b18                        _siccmram = LOADADDR (.ccmram)

.rel.dyn        0x08005b18        0x0
 .rel.iplt      0x08005b18        0x0 C:/ST/STM32CubeCLT_1.21.0/GNU-tools-for-STM32/bin/../lib/gcc/arm-none-eabi/14.3.1/thumb/v7e-m+fp/hard/crtbegin.o

.ccmram         0x10000000        0x0 load address 0x08005b18
                0x10000000                        . = ALIGN (0x4)
                0x10000000                        _sccmram = .
 *(.ccmram)
 *(.ccmram*)
                0x10000000                        . = ALIGN (0x4)
                0x10000000                        _eccmram = .
                0x08005b18                        _sidata = LOADADDR (.data)

.data           0x20000000        0xc load address 0x08005b18
                0x20000000                        . = ALIGN (0x4)
                0x20000000                        _sdata = .
 *(.data)
 *(.data*)
 .data.SystemCoreClock
                0x20000000        0x4 cmake/stm32cubemx/CMakeFiles/STM32_Drivers.dir/C_/Users/trapm/Desktop/Rover/Rover/Core/Src/system_stm32f4xx.c.obj
                0x20000000                SystemCoreClock
 .data.uwTickPrio
                0x20000004        0x4 cmake/stm32cubemx/CMakeFiles/STM32_Drivers.dir/C_/Users/trapm/Desktop/Rover/Rover/Drivers/STM32F4xx_HAL_Driver/Src/stm32f4xx_hal.c.obj
                0x20000004                uwTickPrio
 .data.uwTickFreq
                0x20000008        0x1 cmake/stm32cubemx/CMakeFiles/STM32_Drivers.dir/C_/Users/trapm/Desktop/Rover/Rover/Drivers/STM32F4xx_HAL_Driver/Src/stm32f4xx_hal.c.obj
                0x20000008                uwTickFreq
 *(.RamFunc)
 *(.RamFunc*)
                0x2000000c                        . = ALIGN (0x4)
 *fill*         0x20000009        0x3 

.igot.plt       0x2000000c        0x0 load address 0x08005b24
 .igot.plt      0x2000000c        0x0 C:/ST/STM32CubeCLT_1.21.0/GNU-tools-for-STM32/bin/../lib/gcc/arm-none-eabi/14.3.1/thumb/v7e-m+fp/hard/crtbegin.o

.tdata          0x2000000c        0x0 load address 0x08005b24
 *(.tdata .tdata.* .gnu.linkonce.td.*)
                0x2000000c                        . = ALIGN (0x4)
                0x2000000c                        _edata = .
                [!provide]                        PROVIDE (__data_end = .)
                [!provide]                        PROVIDE (__tdata_end = .)
                [!provide]                        PROVIDE (__tdata_start = ADDR (.tdata))
                [!provide]                        PROVIDE (__tdata_size = (__tdata_end - __tdata_start))
                [!provide]                        PROVIDE (__data_start = ADDR (.data))
                [!provide]                        PROVIDE (__data_size = (__data_end - __data_start))
                [!provide]                        PROVIDE (__tdata_source = LOADADDR (.tdata))
                [!provide]                        PROVIDE (__tdata_source_end = (LOADADDR (.tdata) + SIZEOF (.tdata)))
                [!provide]                        PROVIDE (__tdata_source_size = (__tdata_source_end - __tdata_source))
                [!provide]                        PROVIDE (__data_source = LOADADDR (.data))
                [!provide]                        PROVIDE (__data_source_end = __tdata_source_end)
                [!provide]                        PROVIDE (__data_source_size = (__data_source_end - __data_source))

.tbss           0x2000000c        0x0 load address 0x08005b24
                0x2000000c                        _sbss = .
                0x2000000c                        __bss_start__ = _sbss
 *(.tbss .tbss.*)
                0x2000000c                        . = ALIGN (0x4)
                [!provide]                        PROVIDE (__tbss_end = .)
                [!provide]                        PROVIDE (__tbss_start = ADDR (.tbss))
                [!provide]                        PROVIDE (__tbss_size = (__tbss_end - __tbss_start))
                [!provide]                        PROVIDE (__tbss_offset = (ADDR (.tbss) - ADDR (.tdata)))
                [!provide]                        PROVIDE (__tls_base = __tdata_start)
                [!provide]                        PROVIDE (__tls_end = __tbss_end)
                [!provide]                        PROVIDE (__tls_size = (__tls_end - __tls_base))
                [!provide]                        PROVIDE (__tls_align = MAX (ALIGNOF (.tdata), ALIGNOF (.tbss)))
                [!provide]                        PROVIDE (__tls_size_align = (((__tls_size + __tls_align) - 0x1) & ~ ((__tls_align - 0x1))))
                [!provide]                        PROVIDE (__arm32_tls_tcb_offset = MAX (0x8, __tls_align))
                [!provide]                        PROVIDE (__arm64_tls_tcb_offset = MAX (0x10, __tls_align))

.bss            0x2000000c      0x5a8 load address 0x08005b24
 *(.bss)
 .bss           0x2000000c       0x1c C:/ST/STM32CubeCLT_1.21.0/GNU-tools-for-STM32/bin/../lib/gcc/arm-none-eabi/14.3.1/thumb/v7e-m+fp/hard/crtbegin.o
 *(.bss*)
 .bss.uwTick    0x20000028        0x4 cmake/stm32cubemx/CMakeFiles/STM32_Drivers.dir/C_/Users/trapm/Desktop/Rover/Rover/Drivers/STM32F4xx_HAL_Driver/Src/stm32f4xx_hal.c.obj
                0x20000028                uwTick
 .bss.htim1     0x2000002c       0x48 CMakeFiles/Rover.dir/C_/Users/trapm/Desktop/Rover/Rover/Core/Src/main.c.obj
                0x2000002c                htim1
 .bss.htim2     0x20000074       0x48 CMakeFiles/Rover.dir/C_/Users/trapm/Desktop/Rover/Rover/Core/Src/main.c.obj
                0x20000074                htim2
 .bss.htim3     0x200000bc       0x48 CMakeFiles/Rover.dir/C_/Users/trapm/Desktop/Rover/Rover/Core/Src/main.c.obj
                0x200000bc                htim3
 .bss.htim4     0x20000104       0x48 CMakeFiles/Rover.dir/C_/Users/trapm/Desktop/Rover/Rover/Core/Src/main.c.obj
                0x20000104                htim4
 .bss.htim5     0x2000014c       0x48 CMakeFiles/Rover.dir/C_/Users/trapm/Desktop/Rover/Rover/Core/Src/main.c.obj
                0x2000014c                htim5
 .bss.htim8     0x20000194       0x48 CMakeFiles/Rover.dir/C_/Users/trapm/Desktop/Rover/Rover/Core/Src/main.c.obj
                0x20000194                htim8
 .bss.htim9     0x200001dc       0x48 CMakeFiles/Rover.dir/C_/Users/trapm/Desktop/Rover/Rover/Core/Src/main.c.obj
                0x200001dc                htim9
 .bss.htim10    0x20000224       0x48 CMakeFiles/Rover.dir/C_/Users/trapm/Desktop/Rover/Rover/Core/Src/main.c.obj
                0x20000224                htim10
 .bss.htim11    0x2000026c       0x48 CMakeFiles/Rover.dir/C_/Users/trapm/Desktop/Rover/Rover/Core/Src/main.c.obj
                0x2000026c                htim11
 .bss.htim12    0x200002b4       0x48 CMakeFiles/Rover.dir/C_/Users/trapm/Desktop/Rover/Rover/Core/Src/main.c.obj
                0x200002b4                htim12
 .bss.htim13    0x200002fc       0x48 CMakeFiles/Rover.dir/C_/Users/trapm/Desktop/Rover/Rover/Core/Src/main.c.obj
                0x200002fc                htim13
 .bss.htim14    0x20000344       0x48 CMakeFiles/Rover.dir/C_/Users/trapm/Desktop/Rover/Rover/Core/Src/main.c.obj
                0x20000344                htim14
 .bss.huart4    0x2000038c       0x48 CMakeFiles/Rover.dir/C_/Users/trapm/Desktop/Rover/Rover/Core/Src/main.c.obj
                0x2000038c                huart4
 .bss.hdma_uart4_rx
                0x200003d4       0x60 CMakeFiles/Rover.dir/C_/Users/trapm/Desktop/Rover/Rover/Core/Src/main.c.obj
                0x200003d4                hdma_uart4_rx
 .bss.hdma_uart4_tx
                0x20000434       0x60 CMakeFiles/Rover.dir/C_/Users/trapm/Desktop/Rover/Rover/Core/Src/main.c.obj
                0x20000434                hdma_uart4_tx
 .bss.rx_byte   0x20000494        0x1 CMakeFiles/Rover.dir/C_/Users/trapm/Desktop/Rover/Rover/Core/Src/main.c.obj
                0x20000494                rx_byte
 *fill*         0x20000495        0x3 
 .bss.rx_packet
                0x20000498       0x18 CMakeFiles/Rover.dir/C_/Users/trapm/Desktop/Rover/Rover/Core/Src/protocol.c.obj
                0x20000498                rx_packet
 .bss.target_speed
                0x200004b0       0x18 CMakeFiles/Rover.dir/C_/Users/trapm/Desktop/Rover/Rover/Core/Src/protocol.c.obj
                0x200004b0                target_speed
 .bss.last_packet_time
                0x200004c8        0x4 CMakeFiles/Rover.dir/C_/Users/trapm/Desktop/Rover/Rover/Core/Src/protocol.c.obj
                0x200004c8                last_packet_time
 .bss.state.2   0x200004cc        0x1 CMakeFiles/Rover.dir/C_/Users/trapm/Desktop/Rover/Rover/Core/Src/protocol.c.obj
 .bss.idx.1     0x200004cd        0x1 CMakeFiles/Rover.dir/C_/Users/trapm/Desktop/Rover/Rover/Core/Src/protocol.c.obj
 *fill*         0x200004ce        0x2 
 .bss.buf.0     0x200004d0       0x18 CMakeFiles/Rover.dir/C_/Users/trapm/Desktop/Rover/Rover/Core/Src/protocol.c.obj
 .bss.pid_controllers
                0x200004e8       0xa8 CMakeFiles/Rover.dir/C_/Users/trapm/Desktop/Rover/Rover/Core/Src/pid.c.obj
                0x200004e8                pid_controllers
 .bss.current_speeds
                0x20000590        0xc CMakeFiles/Rover.dir/C_/Users/trapm/Desktop/Rover/Rover/Core/Src/encoder.c.obj
                0x20000590                current_speeds
 .bss.last_cnt.0
                0x2000059c       0x18 CMakeFiles/Rover.dir/C_/Users/trapm/Desktop/Rover/Rover/Core/Src/encoder.c.obj
 *(COMMON)
                0x200005b4                        . = ALIGN (0x4)
                0x200005b4                        _ebss = .
                0x200005b4                        __bss_end__ = _ebss
                [!provide]                        PROVIDE (__bss_end = .)
                [!provide]                        PROVIDE (__non_tls_bss_start = ADDR (.bss))
                [!provide]                        PROVIDE (__bss_start = __tbss_start)
                [!provide]                        PROVIDE (__bss_size = (__bss_end - __bss_start))

._user_heap_stack
                0x200005b4      0x604 load address 0x08005b24
                0x200005b8                        . = ALIGN (0x8)
 *fill*         0x200005b4        0x4 
                [!provide]                        PROVIDE (end = .)
                0x200005b8                        PROVIDE (_end = .)
                0x200007b8                        . = (. + _Min_Heap_Size)
 *fill*         0x200005b8      0x200 
                0x20000bb8                        . = (. + _Min_Stack_Size)
 *fill*         0x200007b8      0x400 
                0x20000bb8                        . = ALIGN (0x8)

/DISCARD/
 libc.a:*(*)
 libm.a:*(*)
 libgcc.a:*(*)
OUTPUT(Rover.elf elf32-littlearm)
LOAD linker stubs

.ARM.attributes
                0x00000000       0x30
 .ARM.attributes
                0x00000000       0x22 C:/ST/STM32CubeCLT_1.21.0/GNU-tools-for-STM32/bin/../lib/gcc/arm-none-eabi/14.3.1/thumb/v7e-m+fp/hard/crti.o
 .ARM.attributes
                0x00000022       0x34 C:/ST/STM32CubeCLT_1.21.0/GNU-tools-for-STM32/bin/../lib/gcc/arm-none-eabi/14.3.1/thumb/v7e-m+fp/hard/crtbegin.o
 .ARM.attributes
                0x00000056       0x34 cmake/stm32cubemx/CMakeFiles/STM32_Drivers.dir/C_/Users/trapm/Desktop/Rover/Rover/Core/Src/system_stm32f4xx.c.obj
 .ARM.attributes
                0x0000008a       0x34 cmake/stm32cubemx/CMakeFiles/STM32_Drivers.dir/C_/Users/trapm/Desktop/Rover/Rover/Drivers/STM32F4xx_HAL_Driver/Src/stm32f4xx_hal_tim.c.obj
 .ARM.attributes
                0x000000be       0x34 cmake/stm32cubemx/CMakeFiles/STM32_Drivers.dir/C_/Users/trapm/Desktop/Rover/Rover/Drivers/STM32F4xx_HAL_Driver/Src/stm32f4xx_hal_tim_ex.c.obj
 .ARM.attributes
                0x000000f2       0x34 cmake/stm32cubemx/CMakeFiles/STM32_Drivers.dir/C_/Users/trapm/Desktop/Rover/Rover/Drivers/STM32F4xx_HAL_Driver/Src/stm32f4xx_hal_rcc.c.obj
 .ARM.attributes
                0x00000126       0x34 cmake/stm32cubemx/CMakeFiles/STM32_Drivers.dir/C_/Users/trapm/Desktop/Rover/Rover/Drivers/STM32F4xx_HAL_Driver/Src/stm32f4xx_hal_gpio.c.obj
 .ARM.attributes
                0x0000015a       0x34 cmake/stm32cubemx/CMakeFiles/STM32_Drivers.dir/C_/Users/trapm/Desktop/Rover/Rover/Drivers/STM32F4xx_HAL_Driver/Src/stm32f4xx_hal_dma.c.obj
 .ARM.attributes
                0x0000018e       0x34 cmake/stm32cubemx/CMakeFiles/STM32_Drivers.dir/C_/Users/trapm/Desktop/Rover/Rover/Drivers/STM32F4xx_HAL_Driver/Src/stm32f4xx_hal_pwr_ex.c.obj
 .ARM.attributes
                0x000001c2       0x34 cmake/stm32cubemx/CMakeFiles/STM32_Drivers.dir/C_/Users/trapm/Desktop/Rover/Rover/Drivers/STM32F4xx_HAL_Driver/Src/stm32f4xx_hal_cortex.c.obj
 .ARM.attributes
                0x000001f6       0x34 cmake/stm32cubemx/CMakeFiles/STM32_Drivers.dir/C_/Users/trapm/Desktop/Rover/Rover/Drivers/STM32F4xx_HAL_Driver/Src/stm32f4xx_hal.c.obj
 .ARM.attributes
                0x0000022a       0x34 cmake/stm32cubemx/CMakeFiles/STM32_Drivers.dir/C_/Users/trapm/Desktop/Rover/Rover/Drivers/STM32F4xx_HAL_Driver/Src/stm32f4xx_hal_uart.c.obj
 .ARM.attributes
                0x0000025e       0x34 CMakeFiles/Rover.dir/C_/Users/trapm/Desktop/Rover/Rover/Core/Src/main.c.obj
 .ARM.attributes
                0x00000292       0x34 CMakeFiles/Rover.dir/C_/Users/trapm/Desktop/Rover/Rover/Core/Src/stm32f4xx_it.c.obj
 .ARM.attributes
                0x000002c6       0x34 CMakeFiles/Rover.dir/C_/Users/trapm/Desktop/Rover/Rover/Core/Src/stm32f4xx_hal_msp.c.obj
 .ARM.attributes
                0x000002fa       0x21 CMakeFiles/Rover.dir/startup_stm32f429xx.s.obj
 .ARM.attributes
                0x0000031b       0x34 CMakeFiles/Rover.dir/C_/Users/trapm/Desktop/Rover/Rover/Core/Src/protocol.c.obj
 .ARM.attributes
                0x0000034f       0x34 CMakeFiles/Rover.dir/C_/Users/trapm/Desktop/Rover/Rover/Core/Src/pid.c.obj
 .ARM.attributes
                0x00000383       0x34 CMakeFiles/Rover.dir/C_/Users/trapm/Desktop/Rover/Rover/Core/Src/motor.c.obj
 .ARM.attributes
                0x000003b7       0x34 CMakeFiles/Rover.dir/C_/Users/trapm/Desktop/Rover/Rover/Core/Src/encoder.c.obj
 .ARM.attributes
                0x000003eb       0x22 C:/ST/STM32CubeCLT_1.21.0/GNU-tools-for-STM32/bin/../lib/gcc/arm-none-eabi/14.3.1/thumb/v7e-m+fp/hard\libgcc.a(_aeabi_uldivmod.o)
 .ARM.attributes
                0x0000040d       0x34 C:/ST/STM32CubeCLT_1.21.0/GNU-tools-for-STM32/bin/../lib/gcc/arm-none-eabi/14.3.1/thumb/v7e-m+fp/hard\libgcc.a(_udivmoddi4.o)
 .ARM.attributes
                0x00000441       0x22 C:/ST/STM32CubeCLT_1.21.0/GNU-tools-for-STM32/bin/../lib/gcc/arm-none-eabi/14.3.1/thumb/v7e-m+fp/hard\libgcc.a(_dvmd_tls.o)
 .ARM.attributes
                0x00000463       0x34 C:/ST/STM32CubeCLT_1.21.0/GNU-tools-for-STM32/bin/../lib/gcc/arm-none-eabi/14.3.1/../../../../arm-none-eabi/lib/thumb/v7e-m+fp/hard\libg_nano.a(libc_a-memset.o)
 .ARM.attributes
                0x00000497       0x34 C:/ST/STM32CubeCLT_1.21.0/GNU-tools-for-STM32/bin/../lib/gcc/arm-none-eabi/14.3.1/../../../../arm-none-eabi/lib/thumb/v7e-m+fp/hard\libg_nano.a(libc_a-init.o)
 .ARM.attributes
                0x000004cb       0x22 C:/ST/STM32CubeCLT_1.21.0/GNU-tools-for-STM32/bin/../lib/gcc/arm-none-eabi/14.3.1/thumb/v7e-m+fp/hard/crtn.o

.comment        0x00000000       0x43
 .comment       0x00000000       0x43 cmake/stm32cubemx/CMakeFiles/STM32_Drivers.dir/C_/Users/trapm/Desktop/Rover/Rover/Core/Src/system_stm32f4xx.c.obj
                                 0x44 (size before relaxing)
 .comment       0x00000043       0x44 cmake/stm32cubemx/CMakeFiles/STM32_Drivers.dir/C_/Users/trapm/Desktop/Rover/Rover/Drivers/STM32F4xx_HAL_Driver/Src/stm32f4xx_hal_tim.c.obj
 .comment       0x00000043       0x44 cmake/stm32cubemx/CMakeFiles/STM32_Drivers.dir/C_/Users/trapm/Desktop/Rover/Rover/Drivers/STM32F4xx_HAL_Driver/Src/stm32f4xx_hal_tim_ex.c.obj
 .comment       0x00000043       0x44 cmake/stm32cubemx/CMakeFiles/STM32_Drivers.dir/C_/Users/trapm/Desktop/Rover/Rover/Drivers/STM32F4xx_HAL_Driver/Src/stm32f4xx_hal_rcc.c.obj
 .comment       0x00000043       0x44 cmake/stm32cubemx/CMakeFiles/STM32_Drivers.dir/C_/Users/trapm/Desktop/Rover/Rover/Drivers/STM32F4xx_HAL_Driver/Src/stm32f4xx_hal_gpio.c.obj
 .comment       0x00000043       0x44 cmake/stm32cubemx/CMakeFiles/STM32_Drivers.dir/C_/Users/trapm/Desktop/Rover/Rover/Drivers/STM32F4xx_HAL_Driver/Src/stm32f4xx_hal_dma.c.obj
 .comment       0x00000043       0x44 cmake/stm32cubemx/CMakeFiles/STM32_Drivers.dir/C_/Users/trapm/Desktop/Rover/Rover/Drivers/STM32F4xx_HAL_Driver/Src/stm32f4xx_hal_pwr_ex.c.obj
 .comment       0x00000043       0x44 cmake/stm32cubemx/CMakeFiles/STM32_Drivers.dir/C_/Users/trapm/Desktop/Rover/Rover/Drivers/STM32F4xx_HAL_Driver/Src/stm32f4xx_hal_cortex.c.obj
 .comment       0x00000043       0x44 cmake/stm32cubemx/CMakeFiles/STM32_Drivers.dir/C_/Users/trapm/Desktop/Rover/Rover/Drivers/STM32F4xx_HAL_Driver/Src/stm32f4xx_hal.c.obj
 .comment       0x00000043       0x44 cmake/stm32cubemx/CMakeFiles/STM32_Drivers.dir/C_/Users/trapm/Desktop/Rover/Rover/Drivers/STM32F4xx_HAL_Driver/Src/stm32f4xx_hal_uart.c.obj
 .comment       0x00000043       0x44 CMakeFiles/Rover.dir/C_/Users/trapm/Desktop/Rover/Rover/Core/Src/main.c.obj
 .comment       0x00000043       0x44 CMakeFiles/Rover.dir/C_/Users/trapm/Desktop/Rover/Rover/Core/Src/stm32f4xx_it.c.obj
 .comment       0x00000043       0x44 CMakeFiles/Rover.dir/C_/Users/trapm/Desktop/Rover/Rover/Core/Src/stm32f4xx_hal_msp.c.obj
 .comment       0x00000043       0x44 CMakeFiles/Rover.dir/C_/Users/trapm/Desktop/Rover/Rover/Core/Src/protocol.c.obj
 .comment       0x00000043       0x44 CMakeFiles/Rover.dir/C_/Users/trapm/Desktop/Rover/Rover/Core/Src/pid.c.obj
 .comment       0x00000043       0x44 CMakeFiles/Rover.dir/C_/Users/trapm/Desktop/Rover/Rover/Core/Src/motor.c.obj
 .comment       0x00000043       0x44 CMakeFiles/Rover.dir/C_/Users/trapm/Desktop/Rover/Rover/Core/Src/encoder.c.obj
 .comment       0x00000043       0x44 C:/ST/STM32CubeCLT_1.21.0/GNU-tools-for-STM32/bin/../lib/gcc/arm-none-eabi/14.3.1/../../../../arm-none-eabi/lib/thumb/v7e-m+fp/hard\libg_nano.a(libc_a-memset.o)
 .comment       0x00000043       0x44 C:/ST/STM32CubeCLT_1.21.0/GNU-tools-for-STM32/bin/../lib/gcc/arm-none-eabi/14.3.1/../../../../arm-none-eabi/lib/thumb/v7e-m+fp/hard\libg_nano.a(libc_a-init.o)

.debug_info     0x00000000     0xed84
 .debug_info    0x00000000      0x52e cmake/stm32cubemx/CMakeFiles/STM32_Drivers.dir/C_/Users/trapm/Desktop/Rover/Rover/Core/Src/system_stm32f4xx.c.obj
 .debug_info    0x0000052e     0x299d cmake/stm32cubemx/CMakeFiles/STM32_Drivers.dir/C_/Users/trapm/Desktop/Rover/Rover/Drivers/STM32F4xx_HAL_Driver/Src/stm32f4xx_hal_tim.c.obj
 .debug_info    0x00002ecb     0x14db cmake/stm32cubemx/CMakeFiles/STM32_Drivers.dir/C_/Users/trapm/Desktop/Rover/Rover/Drivers/STM32F4xx_HAL_Driver/Src/stm32f4xx_hal_tim_ex.c.obj
 .debug_info    0x000043a6      0x8db cmake/stm32cubemx/CMakeFiles/STM32_Drivers.dir/C_/Users/trapm/Desktop/Rover/Rover/Drivers/STM32F4xx_HAL_Driver/Src/stm32f4xx_hal_rcc.c.obj
 .debug_info    0x00004c81      0x6db cmake/stm32cubemx/CMakeFiles/STM32_Drivers.dir/C_/Users/trapm/Desktop/Rover/Rover/Drivers/STM32F4xx_HAL_Driver/Src/stm32f4xx_hal_gpio.c.obj
 .debug_info    0x0000535c      0x8e7 cmake/stm32cubemx/CMakeFiles/STM32_Drivers.dir/C_/Users/trapm/Desktop/Rover/Rover/Drivers/STM32F4xx_HAL_Driver/Src/stm32f4xx_hal_dma.c.obj
 .debug_info    0x00005c43      0x6be cmake/stm32cubemx/CMakeFiles/STM32_Drivers.dir/C_/Users/trapm/Desktop/Rover/Rover/Drivers/STM32F4xx_HAL_Driver/Src/stm32f4xx_hal_pwr_ex.c.obj
 .debug_info    0x00006301      0xdc2 cmake/stm32cubemx/CMakeFiles/STM32_Drivers.dir/C_/Users/trapm/Desktop/Rover/Rover/Drivers/STM32F4xx_HAL_Driver/Src/stm32f4xx_hal_cortex.c.obj
 .debug_info    0x000070c3      0x9ba cmake/stm32cubemx/CMakeFiles/STM32_Drivers.dir/C_/Users/trapm/Desktop/Rover/Rover/Drivers/STM32F4xx_HAL_Driver/Src/stm32f4xx_hal.c.obj
 .debug_info    0x00007a7d     0x2f4f cmake/stm32cubemx/CMakeFiles/STM32_Drivers.dir/C_/Users/trapm/Desktop/Rover/Rover/Drivers/STM32F4xx_HAL_Driver/Src/stm32f4xx_hal_uart.c.obj
 .debug_info    0x0000a9cc     0x1afc CMakeFiles/Rover.dir/C_/Users/trapm/Desktop/Rover/Rover/Core/Src/main.c.obj
 .debug_info    0x0000c4c8      0x681 CMakeFiles/Rover.dir/C_/Users/trapm/Desktop/Rover/Rover/Core/Src/stm32f4xx_it.c.obj
 .debug_info    0x0000cb49     0x1392 CMakeFiles/Rover.dir/C_/Users/trapm/Desktop/Rover/Rover/Core/Src/stm32f4xx_hal_msp.c.obj
 .debug_info    0x0000dedb       0x30 CMakeFiles/Rover.dir/startup_stm32f429xx.s.obj
 .debug_info    0x0000df0b      0x5c5 CMakeFiles/Rover.dir/C_/Users/trapm/Desktop/Rover/Rover/Core/Src/protocol.c.obj
 .debug_info    0x0000e4d0      0x1cd CMakeFiles/Rover.dir/C_/Users/trapm/Desktop/Rover/Rover/Core/Src/pid.c.obj
 .debug_info    0x0000e69d      0x2be CMakeFiles/Rover.dir/C_/Users/trapm/Desktop/Rover/Rover/Core/Src/motor.c.obj
 .debug_info    0x0000e95b      0x23e CMakeFiles/Rover.dir/C_/Users/trapm/Desktop/Rover/Rover/Core/Src/encoder.c.obj
 .debug_info    0x0000eb99       0xe0 C:/ST/STM32CubeCLT_1.21.0/GNU-tools-for-STM32/bin/../lib/gcc/arm-none-eabi/14.3.1/../../../../arm-none-eabi/lib/thumb/v7e-m+fp/hard\libg_nano.a(libc_a-memset.o)
 .debug_info    0x0000ec79      0x10b C:/ST/STM32CubeCLT_1.21.0/GNU-tools-for-STM32/bin/../lib/gcc/arm-none-eabi/14.3.1/../../../../arm-none-eabi/lib/thumb/v7e-m+fp/hard\libg_nano.a(libc_a-init.o)

.debug_abbrev   0x00000000     0x24b6
 .debug_abbrev  0x00000000      0x11a cmake/stm32cubemx/CMakeFiles/STM32_Drivers.dir/C_/Users/trapm/Desktop/Rover/Rover/Core/Src/system_stm32f4xx.c.obj
 .debug_abbrev  0x0000011a      0x278 cmake/stm32cubemx/CMakeFiles/STM32_Drivers.dir/C_/Users/trapm/Desktop/Rover/Rover/Drivers/STM32F4xx_HAL_Driver/Src/stm32f4xx_hal_tim.c.obj
 .debug_abbrev  0x00000392      0x283 cmake/stm32cubemx/CMakeFiles/STM32_Drivers.dir/C_/Users/trapm/Desktop/Rover/Rover/Drivers/STM32F4xx_HAL_Driver/Src/stm32f4xx_hal_tim_ex.c.obj
 .debug_abbrev  0x00000615      0x2b7 cmake/stm32cubemx/CMakeFiles/STM32_Drivers.dir/C_/Users/trapm/Desktop/Rover/Rover/Drivers/STM32F4xx_HAL_Driver/Src/stm32f4xx_hal_rcc.c.obj
 .debug_abbrev  0x000008cc      0x1d4 cmake/stm32cubemx/CMakeFiles/STM32_Drivers.dir/C_/Users/trapm/Desktop/Rover/Rover/Drivers/STM32F4xx_HAL_Driver/Src/stm32f4xx_hal_gpio.c.obj
 .debug_abbrev  0x00000aa0      0x264 cmake/stm32cubemx/CMakeFiles/STM32_Drivers.dir/C_/Users/trapm/Desktop/Rover/Rover/Drivers/STM32F4xx_HAL_Driver/Src/stm32f4xx_hal_dma.c.obj
 .debug_abbrev  0x00000d04      0x1cf cmake/stm32cubemx/CMakeFiles/STM32_Drivers.dir/C_/Users/trapm/Desktop/Rover/Rover/Drivers/STM32F4xx_HAL_Driver/Src/stm32f4xx_hal_pwr_ex.c.obj
 .debug_abbrev  0x00000ed3      0x31d cmake/stm32cubemx/CMakeFiles/STM32_Drivers.dir/C_/Users/trapm/Desktop/Rover/Rover/Drivers/STM32F4xx_HAL_Driver/Src/stm32f4xx_hal_cortex.c.obj
 .debug_abbrev  0x000011f0      0x214 cmake/stm32cubemx/CMakeFiles/STM32_Drivers.dir/C_/Users/trapm/Desktop/Rover/Rover/Drivers/STM32F4xx_HAL_Driver/Src/stm32f4xx_hal.c.obj
 .debug_abbrev  0x00001404      0x30e cmake/stm32cubemx/CMakeFiles/STM32_Drivers.dir/C_/Users/trapm/Desktop/Rover/Rover/Drivers/STM32F4xx_HAL_Driver/Src/stm32f4xx_hal_uart.c.obj
 .debug_abbrev  0x00001712      0x309 CMakeFiles/Rover.dir/C_/Users/trapm/Desktop/Rover/Rover/Core/Src/main.c.obj
 .debug_abbrev  0x00001a1b      0x176 CMakeFiles/Rover.dir/C_/Users/trapm/Desktop/Rover/Rover/Core/Src/stm32f4xx_it.c.obj
 .debug_abbrev  0x00001b91      0x27a CMakeFiles/Rover.dir/C_/Users/trapm/Desktop/Rover/Rover/Core/Src/stm32f4xx_hal_msp.c.obj
 .debug_abbrev  0x00001e0b       0x24 CMakeFiles/Rover.dir/startup_stm32f429xx.s.obj
 .debug_abbrev  0x00001e2f      0x209 CMakeFiles/Rover.dir/C_/Users/trapm/Desktop/Rover/Rover/Core/Src/protocol.c.obj
 .debug_abbrev  0x00002038      0x118 CMakeFiles/Rover.dir/C_/Users/trapm/Desktop/Rover/Rover/Core/Src/pid.c.obj
 .debug_abbrev  0x00002150       0xfe CMakeFiles/Rover.dir/C_/Users/trapm/Desktop/Rover/Rover/Core/Src/motor.c.obj
 .debug_abbrev  0x0000224e      0x101 CMakeFiles/Rover.dir/C_/Users/trapm/Desktop/Rover/Rover/Core/Src/encoder.c.obj
 .debug_abbrev  0x0000234f       0x9e C:/ST/STM32CubeCLT_1.21.0/GNU-tools-for-STM32/bin/../lib/gcc/arm-none-eabi/14.3.1/../../../../arm-none-eabi/lib/thumb/v7e-m+fp/hard\libg_nano.a(libc_a-memset.o)
 .debug_abbrev  0x000023ed       0xc9 C:/ST/STM32CubeCLT_1.21.0/GNU-tools-for-STM32/bin/../lib/gcc/arm-none-eabi/14.3.1/../../../../arm-none-eabi/lib/thumb/v7e-m+fp/hard\libg_nano.a(libc_a-init.o)

.debug_aranges  0x00000000      0xe00
 .debug_aranges
                0x00000000       0x28 cmake/stm32cubemx/CMakeFiles/STM32_Drivers.dir/C_/Users/trapm/Desktop/Rover/Rover/Core/Src/system_stm32f4xx.c.obj
 .debug_aranges
                0x00000028      0x3d0 cmake/stm32cubemx/CMakeFiles/STM32_Drivers.dir/C_/Users/trapm/Desktop/Rover/Rover/Drivers/STM32F4xx_HAL_Driver/Src/stm32f4xx_hal_tim.c.obj
 .debug_aranges
                0x000003f8      0x168 cmake/stm32cubemx/CMakeFiles/STM32_Drivers.dir/C_/Users/trapm/Desktop/Rover/Rover/Drivers/STM32F4xx_HAL_Driver/Src/stm32f4xx_hal_tim_ex.c.obj
 .debug_aranges
                0x00000560       0x88 cmake/stm32cubemx/CMakeFiles/STM32_Drivers.dir/C_/Users/trapm/Desktop/Rover/Rover/Drivers/STM32F4xx_HAL_Driver/Src/stm32f4xx_hal_rcc.c.obj
 .debug_aranges
                0x000005e8       0x58 cmake/stm32cubemx/CMakeFiles/STM32_Drivers.dir/C_/Users/trapm/Desktop/Rover/Rover/Drivers/STM32F4xx_HAL_Driver/Src/stm32f4xx_hal_gpio.c.obj
 .debug_aranges
                0x00000640       0x90 cmake/stm32cubemx/CMakeFiles/STM32_Drivers.dir/C_/Users/trapm/Desktop/Rover/Rover/Drivers/STM32F4xx_HAL_Driver/Src/stm32f4xx_hal_dma.c.obj
 .debug_aranges
                0x000006d0       0x60 cmake/stm32cubemx/CMakeFiles/STM32_Drivers.dir/C_/Users/trapm/Desktop/Rover/Rover/Drivers/STM32F4xx_HAL_Driver/Src/stm32f4xx_hal_pwr_ex.c.obj
 .debug_aranges
                0x00000730      0x130 cmake/stm32cubemx/CMakeFiles/STM32_Drivers.dir/C_/Users/trapm/Desktop/Rover/Rover/Drivers/STM32F4xx_HAL_Driver/Src/stm32f4xx_hal_cortex.c.obj
 .debug_aranges
                0x00000860      0x100 cmake/stm32cubemx/CMakeFiles/STM32_Drivers.dir/C_/Users/trapm/Desktop/Rover/Rover/Drivers/STM32F4xx_HAL_Driver/Src/stm32f4xx_hal.c.obj
 .debug_aranges
                0x00000960      0x208 cmake/stm32cubemx/CMakeFiles/STM32_Drivers.dir/C_/Users/trapm/Desktop/Rover/Rover/Drivers/STM32F4xx_HAL_Driver/Src/stm32f4xx_hal_uart.c.obj
 .debug_aranges
                0x00000b68       0xb0 CMakeFiles/Rover.dir/C_/Users/trapm/Desktop/Rover/Rover/Core/Src/main.c.obj
 .debug_aranges
                0x00000c18       0x78 CMakeFiles/Rover.dir/C_/Users/trapm/Desktop/Rover/Rover/Core/Src/stm32f4xx_it.c.obj
 .debug_aranges
                0x00000c90       0x68 CMakeFiles/Rover.dir/C_/Users/trapm/Desktop/Rover/Rover/Core/Src/stm32f4xx_hal_msp.c.obj
 .debug_aranges
                0x00000cf8       0x28 CMakeFiles/Rover.dir/startup_stm32f429xx.s.obj
 .debug_aranges
                0x00000d20       0x38 CMakeFiles/Rover.dir/C_/Users/trapm/Desktop/Rover/Rover/Core/Src/protocol.c.obj
 .debug_aranges
                0x00000d58       0x28 CMakeFiles/Rover.dir/C_/Users/trapm/Desktop/Rover/Rover/Core/Src/pid.c.obj
 .debug_aranges
                0x00000d80       0x20 CMakeFiles/Rover.dir/C_/Users/trapm/Desktop/Rover/Rover/Core/Src/motor.c.obj
 .debug_aranges
                0x00000da0       0x20 CMakeFiles/Rover.dir/C_/Users/trapm/Desktop/Rover/Rover/Core/Src/encoder.c.obj
 .debug_aranges
                0x00000dc0       0x20 C:/ST/STM32CubeCLT_1.21.0/GNU-tools-for-STM32/bin/../lib/gcc/arm-none-eabi/14.3.1/../../../../arm-none-eabi/lib/thumb/v7e-m+fp/hard\libg_nano.a(libc_a-memset.o)
 .debug_aranges
                0x00000de0       0x20 C:/ST/STM32CubeCLT_1.21.0/GNU-tools-for-STM32/bin/../lib/gcc/arm-none-eabi/14.3.1/../../../../arm-none-eabi/lib/thumb/v7e-m+fp/hard\libg_nano.a(libc_a-init.o)

.debug_rnglists
                0x00000000      0xae7
 .debug_rnglists
                0x00000000       0x1a cmake/stm32cubemx/CMakeFiles/STM32_Drivers.dir/C_/Users/trapm/Desktop/Rover/Rover/Core/Src/system_stm32f4xx.c.obj
 .debug_rnglists
                0x0000001a      0x31a cmake/stm32cubemx/CMakeFiles/STM32_Drivers.dir/C_/Users/trapm/Desktop/Rover/Rover/Drivers/STM32F4xx_HAL_Driver/Src/stm32f4xx_hal_tim.c.obj
 .debug_rnglists
                0x00000334      0x125 cmake/stm32cubemx/CMakeFiles/STM32_Drivers.dir/C_/Users/trapm/Desktop/Rover/Rover/Drivers/STM32F4xx_HAL_Driver/Src/stm32f4xx_hal_tim_ex.c.obj
 .debug_rnglists
                0x00000459       0x66 cmake/stm32cubemx/CMakeFiles/STM32_Drivers.dir/C_/Users/trapm/Desktop/Rover/Rover/Drivers/STM32F4xx_HAL_Driver/Src/stm32f4xx_hal_rcc.c.obj
 .debug_rnglists
                0x000004bf       0x3f cmake/stm32cubemx/CMakeFiles/STM32_Drivers.dir/C_/Users/trapm/Desktop/Rover/Rover/Drivers/STM32F4xx_HAL_Driver/Src/stm32f4xx_hal_gpio.c.obj
 .debug_rnglists
                0x000004fe       0x70 cmake/stm32cubemx/CMakeFiles/STM32_Drivers.dir/C_/Users/trapm/Desktop/Rover/Rover/Drivers/STM32F4xx_HAL_Driver/Src/stm32f4xx_hal_dma.c.obj
 .debug_rnglists
                0x0000056e       0x47 cmake/stm32cubemx/CMakeFiles/STM32_Drivers.dir/C_/Users/trapm/Desktop/Rover/Rover/Drivers/STM32F4xx_HAL_Driver/Src/stm32f4xx_hal_pwr_ex.c.obj
 .debug_rnglists
                0x000005b5       0xe0 cmake/stm32cubemx/CMakeFiles/STM32_Drivers.dir/C_/Users/trapm/Desktop/Rover/Rover/Drivers/STM32F4xx_HAL_Driver/Src/stm32f4xx_hal_cortex.c.obj
 .debug_rnglists
                0x00000695       0xbb cmake/stm32cubemx/CMakeFiles/STM32_Drivers.dir/C_/Users/trapm/Desktop/Rover/Rover/Drivers/STM32F4xx_HAL_Driver/Src/stm32f4xx_hal.c.obj
 .debug_rnglists
                0x00000750      0x1bc cmake/stm32cubemx/CMakeFiles/STM32_Drivers.dir/C_/Users/trapm/Desktop/Rover/Rover/Drivers/STM32F4xx_HAL_Driver/Src/stm32f4xx_hal_uart.c.obj
 .debug_rnglists
                0x0000090c       0x8e CMakeFiles/Rover.dir/C_/Users/trapm/Desktop/Rover/Rover/Core/Src/main.c.obj
 .debug_rnglists
                0x0000099a       0x55 CMakeFiles/Rover.dir/C_/Users/trapm/Desktop/Rover/Rover/Core/Src/stm32f4xx_it.c.obj
 .debug_rnglists
                0x000009ef       0x4f CMakeFiles/Rover.dir/C_/Users/trapm/Desktop/Rover/Rover/Core/Src/stm32f4xx_hal_msp.c.obj
 .debug_rnglists
                0x00000a3e       0x19 CMakeFiles/Rover.dir/startup_stm32f429xx.s.obj
 .debug_rnglists
                0x00000a57       0x28 CMakeFiles/Rover.dir/C_/Users/trapm/Desktop/Rover/Rover/Core/Src/protocol.c.obj
 .debug_rnglists
                0x00000a7f       0x1a CMakeFiles/Rover.dir/C_/Users/trapm/Desktop/Rover/Rover/Core/Src/pid.c.obj
 .debug_rnglists
                0x00000a99       0x14 CMakeFiles/Rover.dir/C_/Users/trapm/Desktop/Rover/Rover/Core/Src/motor.c.obj
 .debug_rnglists
                0x00000aad       0x14 CMakeFiles/Rover.dir/C_/Users/trapm/Desktop/Rover/Rover/Core/Src/encoder.c.obj
 .debug_rnglists
                0x00000ac1       0x13 C:/ST/STM32CubeCLT_1.21.0/GNU-tools-for-STM32/bin/../lib/gcc/arm-none-eabi/14.3.1/../../../../arm-none-eabi/lib/thumb/v7e-m+fp/hard\libg_nano.a(libc_a-memset.o)
 .debug_rnglists
                0x00000ad4       0x13 C:/ST/STM32CubeCLT_1.21.0/GNU-tools-for-STM32/bin/../lib/gcc/arm-none-eabi/14.3.1/../../../../arm-none-eabi/lib/thumb/v7e-m+fp/hard\libg_nano.a(libc_a-init.o)

.debug_macro    0x00000000    0x23461
 .debug_macro   0x00000000      0x1ce cmake/stm32cubemx/CMakeFiles/STM32_Drivers.dir/C_/Users/trapm/Desktop/Rover/Rover/Core/Src/system_stm32f4xx.c.obj
 .debug_macro   0x000001ce      0xad8 cmake/stm32cubemx/CMakeFiles/STM32_Drivers.dir/C_/Users/trapm/Desktop/Rover/Rover/Core/Src/system_stm32f4xx.c.obj
 .debug_macro   0x00000ca6       0x2e cmake/stm32cubemx/CMakeFiles/STM32_Drivers.dir/C_/Users/trapm/Desktop/Rover/Rover/Core/Src/system_stm32f4xx.c.obj
 .debug_macro   0x00000cd4       0x28 cmake/stm32cubemx/CMakeFiles/STM32_Drivers.dir/C_/Users/trapm/Desktop/Rover/Rover/Core/Src/system_stm32f4xx.c.obj
 .debug_macro   0x00000cfc       0x22 cmake/stm32cubemx/CMakeFiles/STM32_Drivers.dir/C_/Users/trapm/Desktop/Rover/Rover/Core/Src/system_stm32f4xx.c.obj
 .debug_macro   0x00000d1e       0x8e cmake/stm32cubemx/CMakeFiles/STM32_Drivers.dir/C_/Users/trapm/Desktop/Rover/Rover/Core/Src/system_stm32f4xx.c.obj
 .debug_macro   0x00000dac       0x51 cmake/stm32cubemx/CMakeFiles/STM32_Drivers.dir/C_/Users/trapm/Desktop/Rover/Rover/Core/Src/system_stm32f4xx.c.obj
 .debug_macro   0x00000dfd      0x103 cmake/stm32cubemx/CMakeFiles/STM32_Drivers.dir/C_/Users/trapm/Desktop/Rover/Rover/Core/Src/system_stm32f4xx.c.obj
 .debug_macro   0x00000f00       0x6a cmake/stm32cubemx/CMakeFiles/STM32_Drivers.dir/C_/Users/trapm/Desktop/Rover/Rover/Core/Src/system_stm32f4xx.c.obj
 .debug_macro   0x00000f6a      0x1df cmake/stm32cubemx/CMakeFiles/STM32_Drivers.dir/C_/Users/trapm/Desktop/Rover/Rover/Core/Src/system_stm32f4xx.c.obj
 .debug_macro   0x00001149       0x1c cmake/stm32cubemx/CMakeFiles/STM32_Drivers.dir/C_/Users/trapm/Desktop/Rover/Rover/Core/Src/system_stm32f4xx.c.obj
 .debug_macro   0x00001165       0x22 cmake/stm32cubemx/CMakeFiles/STM32_Drivers.dir/C_/Users/trapm/Desktop/Rover/Rover/Core/Src/system_stm32f4xx.c.obj
 .debug_macro   0x00001187       0xfb cmake/stm32cubemx/CMakeFiles/STM32_Drivers.dir/C_/Users/trapm/Desktop/Rover/Rover/Core/Src/system_stm32f4xx.c.obj
 .debug_macro   0x00001282     0x1011 cmake/stm32cubemx/CMakeFiles/STM32_Drivers.dir/C_/Users/trapm/Desktop/Rover/Rover/Core/Src/system_stm32f4xx.c.obj
 .debug_macro   0x00002293      0x11f cmake/stm32cubemx/CMakeFiles/STM32_Drivers.dir/C_/Users/trapm/Desktop/Rover/Rover/Core/Src/system_stm32f4xx.c.obj
 .debug_macro   0x000023b2    0x17ff1 cmake/stm32cubemx/CMakeFiles/STM32_Drivers.dir/C_/Users/trapm/Desktop/Rover/Rover/Core/Src/system_stm32f4xx.c.obj
 .debug_macro   0x0001a3a3       0x6d cmake/stm32cubemx/CMakeFiles/STM32_Drivers.dir/C_/Users/trapm/Desktop/Rover/Rover/Core/Src/system_stm32f4xx.c.obj
 .debug_macro   0x0001a410      0x29b cmake/stm32cubemx/CMakeFiles/STM32_Drivers.dir/C_/Users/trapm/Desktop/Rover/Rover/Core/Src/system_stm32f4xx.c.obj
 .debug_macro   0x0001a6ab     0x370a cmake/stm32cubemx/CMakeFiles/STM32_Drivers.dir/C_/Users/trapm/Desktop/Rover/Rover/Core/Src/system_stm32f4xx.c.obj
 .debug_macro   0x0001ddb5      0x190 cmake/stm32cubemx/CMakeFiles/STM32_Drivers.dir/C_/Users/trapm/Desktop/Rover/Rover/Core/Src/system_stm32f4xx.c.obj
 .debug_macro   0x0001df45       0x5c cmake/stm32cubemx/CMakeFiles/STM32_Drivers.dir/C_/Users/trapm/Desktop/Rover/Rover/Core/Src/system_stm32f4xx.c.obj
 .debug_macro   0x0001dfa1      0xcba cmake/stm32cubemx/CMakeFiles/STM32_Drivers.dir/C_/Users/trapm/Desktop/Rover/Rover/Core/Src/system_stm32f4xx.c.obj
 .debug_macro   0x0001ec5b      0x9e9 cmake/stm32cubemx/CMakeFiles/STM32_Drivers.dir/C_/Users/trapm/Desktop/Rover/Rover/Core/Src/system_stm32f4xx.c.obj
 .debug_macro   0x0001f644      0x115 cmake/stm32cubemx/CMakeFiles/STM32_Drivers.dir/C_/Users/trapm/Desktop/Rover/Rover/Core/Src/system_stm32f4xx.c.obj
 .debug_macro   0x0001f759      0x156 cmake/stm32cubemx/CMakeFiles/STM32_Drivers.dir/C_/Users/trapm/Desktop/Rover/Rover/Core/Src/system_stm32f4xx.c.obj
 .debug_macro   0x0001f8af       0xa5 cmake/stm32cubemx/CMakeFiles/STM32_Drivers.dir/C_/Users/trapm/Desktop/Rover/Rover/Core/Src/system_stm32f4xx.c.obj
 .debug_macro   0x0001f954      0x182 cmake/stm32cubemx/CMakeFiles/STM32_Drivers.dir/C_/Users/trapm/Desktop/Rover/Rover/Core/Src/system_stm32f4xx.c.obj
 .debug_macro   0x0001fad6      0x287 cmake/stm32cubemx/CMakeFiles/STM32_Drivers.dir/C_/Users/trapm/Desktop/Rover/Rover/Core/Src/system_stm32f4xx.c.obj
 .debug_macro   0x0001fd5d       0x5f cmake/stm32cubemx/CMakeFiles/STM32_Drivers.dir/C_/Users/trapm/Desktop/Rover/Rover/Core/Src/system_stm32f4xx.c.obj
 .debug_macro   0x0001fdbc      0x236 cmake/stm32cubemx/CMakeFiles/STM32_Drivers.dir/C_/Users/trapm/Desktop/Rover/Rover/Core/Src/system_stm32f4xx.c.obj
 .debug_macro   0x0001fff2      0x132 cmake/stm32cubemx/CMakeFiles/STM32_Drivers.dir/C_/Users/trapm/Desktop/Rover/Rover/Core/Src/system_stm32f4xx.c.obj
 .debug_macro   0x00020124      0x41d cmake/stm32cubemx/CMakeFiles/STM32_Drivers.dir/C_/Users/trapm/Desktop/Rover/Rover/Core/Src/system_stm32f4xx.c.obj
 .debug_macro   0x00020541       0x2e cmake/stm32cubemx/CMakeFiles/STM32_Drivers.dir/C_/Users/trapm/Desktop/Rover/Rover/Core/Src/system_stm32f4xx.c.obj
 .debug_macro   0x0002056f      0x127 cmake/stm32cubemx/CMakeFiles/STM32_Drivers.dir/C_/Users/trapm/Desktop/Rover/Rover/Core/Src/system_stm32f4xx.c.obj
 .debug_macro   0x00020696       0xe2 cmake/stm32cubemx/CMakeFiles/STM32_Drivers.dir/C_/Users/trapm/Desktop/Rover/Rover/Core/Src/system_stm32f4xx.c.obj
 .debug_macro   0x00020778       0x89 cmake/stm32cubemx/CMakeFiles/STM32_Drivers.dir/C_/Users/trapm/Desktop/Rover/Rover/Core/Src/system_stm32f4xx.c.obj
 .debug_macro   0x00020801      0x8ed cmake/stm32cubemx/CMakeFiles/STM32_Drivers.dir/C_/Users/trapm/Desktop/Rover/Rover/Core/Src/system_stm32f4xx.c.obj
 .debug_macro   0x000210ee       0x4d cmake/stm32cubemx/CMakeFiles/STM32_Drivers.dir/C_/Users/trapm/Desktop/Rover/Rover/Core/Src/system_stm32f4xx.c.obj
 .debug_macro   0x0002113b      0x2aa cmake/stm32cubemx/CMakeFiles/STM32_Drivers.dir/C_/Users/trapm/Desktop/Rover/Rover/Core/Src/system_stm32f4xx.c.obj
 .debug_macro   0x000213e5      0x134 cmake/stm32cubemx/CMakeFiles/STM32_Drivers.dir/C_/Users/trapm/Desktop/Rover/Rover/Core/Src/system_stm32f4xx.c.obj
 .debug_macro   0x00021519      0x1cf cmake/stm32cubemx/CMakeFiles/STM32_Drivers.dir/C_/Users/trapm/Desktop/Rover/Rover/Drivers/STM32F4xx_HAL_Driver/Src/stm32f4xx_hal_tim.c.obj
 .debug_macro   0x000216e8      0x1ce cmake/stm32cubemx/CMakeFiles/STM32_Drivers.dir/C_/Users/trapm/Desktop/Rover/Rover/Drivers/STM32F4xx_HAL_Driver/Src/stm32f4xx_hal_tim_ex.c.obj
 .debug_macro   0x000218b6      0x1f2 cmake/stm32cubemx/CMakeFiles/STM32_Drivers.dir/C_/Users/trapm/Desktop/Rover/Rover/Drivers/STM32F4xx_HAL_Driver/Src/stm32f4xx_hal_rcc.c.obj
 .debug_macro   0x00021aa8      0x1d4 cmake/stm32cubemx/CMakeFiles/STM32_Drivers.dir/C_/Users/trapm/Desktop/Rover/Rover/Drivers/STM32F4xx_HAL_Driver/Src/stm32f4xx_hal_gpio.c.obj
 .debug_macro   0x00021c7c      0x1d4 cmake/stm32cubemx/CMakeFiles/STM32_Drivers.dir/C_/Users/trapm/Desktop/Rover/Rover/Drivers/STM32F4xx_HAL_Driver/Src/stm32f4xx_hal_dma.c.obj
 .debug_macro   0x00021e50      0x1e6 cmake/stm32cubemx/CMakeFiles/STM32_Drivers.dir/C_/Users/trapm/Desktop/Rover/Rover/Drivers/STM32F4xx_HAL_Driver/Src/stm32f4xx_hal_pwr_ex.c.obj
 .debug_macro   0x00022036      0x1ce cmake/stm32cubemx/CMakeFiles/STM32_Drivers.dir/C_/Users/trapm/Desktop/Rover/Rover/Drivers/STM32F4xx_HAL_Driver/Src/stm32f4xx_hal_cortex.c.obj
 .debug_macro   0x00022204      0x22e cmake/stm32cubemx/CMakeFiles/STM32_Drivers.dir/C_/Users/trapm/Desktop/Rover/Rover/Drivers/STM32F4xx_HAL_Driver/Src/stm32f4xx_hal.c.obj
 .debug_macro   0x00022432      0x1cf cmake/stm32cubemx/CMakeFiles/STM32_Drivers.dir/C_/Users/trapm/Desktop/Rover/Rover/Drivers/STM32F4xx_HAL_Driver/Src/stm32f4xx_hal_uart.c.obj
 .debug_macro   0x00022601      0x1ff CMakeFiles/Rover.dir/C_/Users/trapm/Desktop/Rover/Rover/Core/Src/main.c.obj
 .debug_macro   0x00022800      0x160 CMakeFiles/Rover.dir/C_/Users/trapm/Desktop/Rover/Rover/Core/Src/main.c.obj
 .debug_macro   0x00022960      0x1e7 CMakeFiles/Rover.dir/C_/Users/trapm/Desktop/Rover/Rover/Core/Src/stm32f4xx_it.c.obj
 .debug_macro   0x00022b47      0x1dd CMakeFiles/Rover.dir/C_/Users/trapm/Desktop/Rover/Rover/Core/Src/stm32f4xx_hal_msp.c.obj
 .debug_macro   0x00022d24      0x2aa CMakeFiles/Rover.dir/C_/Users/trapm/Desktop/Rover/Rover/Core/Src/protocol.c.obj
 .debug_macro   0x00022fce       0x74 CMakeFiles/Rover.dir/C_/Users/trapm/Desktop/Rover/Rover/Core/Src/protocol.c.obj
 .debug_macro   0x00023042       0x10 CMakeFiles/Rover.dir/C_/Users/trapm/Desktop/Rover/Rover/Core/Src/protocol.c.obj
 .debug_macro   0x00023052       0x20 CMakeFiles/Rover.dir/C_/Users/trapm/Desktop/Rover/Rover/Core/Src/protocol.c.obj
 .debug_macro   0x00023072       0x1b CMakeFiles/Rover.dir/C_/Users/trapm/Desktop/Rover/Rover/Core/Src/pid.c.obj
 .debug_macro   0x0002308d      0x1ed CMakeFiles/Rover.dir/C_/Users/trapm/Desktop/Rover/Rover/Core/Src/motor.c.obj
 .debug_macro   0x0002327a      0x1e7 CMakeFiles/Rover.dir/C_/Users/trapm/Desktop/Rover/Rover/Core/Src/encoder.c.obj

.debug_line     0x00000000    0x105d9
 .debug_line    0x00000000      0x78d cmake/stm32cubemx/CMakeFiles/STM32_Drivers.dir/C_/Users/trapm/Desktop/Rover/Rover/Core/Src/system_stm32f4xx.c.obj
 .debug_line    0x0000078d     0x3784 cmake/stm32cubemx/CMakeFiles/STM32_Drivers.dir/C_/Users/trapm/Desktop/Rover/Rover/Drivers/STM32F4xx_HAL_Driver/Src/stm32f4xx_hal_tim.c.obj
 .debug_line    0x00003f11     0x1969 cmake/stm32cubemx/CMakeFiles/STM32_Drivers.dir/C_/Users/trapm/Desktop/Rover/Rover/Drivers/STM32F4xx_HAL_Driver/Src/stm32f4xx_hal_tim_ex.c.obj
 .debug_line    0x0000587a      0xe18 cmake/stm32cubemx/CMakeFiles/STM32_Drivers.dir/C_/Users/trapm/Desktop/Rover/Rover/Drivers/STM32F4xx_HAL_Driver/Src/stm32f4xx_hal_rcc.c.obj
 .debug_line    0x00006692      0xb86 cmake/stm32cubemx/CMakeFiles/STM32_Drivers.dir/C_/Users/trapm/Desktop/Rover/Rover/Drivers/STM32F4xx_HAL_Driver/Src/stm32f4xx_hal_gpio.c.obj
 .debug_line    0x00007218      0xf75 cmake/stm32cubemx/CMakeFiles/STM32_Drivers.dir/C_/Users/trapm/Desktop/Rover/Rover/Drivers/STM32F4xx_HAL_Driver/Src/stm32f4xx_hal_dma.c.obj
 .debug_line    0x0000818d      0x976 cmake/stm32cubemx/CMakeFiles/STM32_Drivers.dir/C_/Users/trapm/Desktop/Rover/Rover/Drivers/STM32F4xx_HAL_Driver/Src/stm32f4xx_hal_pwr_ex.c.obj
 .debug_line    0x00008b03      0xcd9 cmake/stm32cubemx/CMakeFiles/STM32_Drivers.dir/C_/Users/trapm/Desktop/Rover/Rover/Drivers/STM32F4xx_HAL_Driver/Src/stm32f4xx_hal_cortex.c.obj
 .debug_line    0x000097dc      0xa42 cmake/stm32cubemx/CMakeFiles/STM32_Drivers.dir/C_/Users/trapm/Desktop/Rover/Rover/Drivers/STM32F4xx_HAL_Driver/Src/stm32f4xx_hal.c.obj
 .debug_line    0x0000a21e     0x2551 cmake/stm32cubemx/CMakeFiles/STM32_Drivers.dir/C_/Users/trapm/Desktop/Rover/Rover/Drivers/STM32F4xx_HAL_Driver/Src/stm32f4xx_hal_uart.c.obj
 .debug_line    0x0000c76f      0xe58 CMakeFiles/Rover.dir/C_/Users/trapm/Desktop/Rover/Rover/Core/Src/main.c.obj
 .debug_line    0x0000d5c7      0x80e CMakeFiles/Rover.dir/C_/Users/trapm/Desktop/Rover/Rover/Core/Src/stm32f4xx_it.c.obj
 .debug_line    0x0000ddd5      0xaf6 CMakeFiles/Rover.dir/C_/Users/trapm/Desktop/Rover/Rover/Core/Src/stm32f4xx_hal_msp.c.obj
 .debug_line    0x0000e8cb       0x7a CMakeFiles/Rover.dir/startup_stm32f429xx.s.obj
 .debug_line    0x0000e945      0x94a CMakeFiles/Rover.dir/C_/Users/trapm/Desktop/Rover/Rover/Core/Src/protocol.c.obj
 .debug_line    0x0000f28f      0x166 CMakeFiles/Rover.dir/C_/Users/trapm/Desktop/Rover/Rover/Core/Src/pid.c.obj
 .debug_line    0x0000f3f5      0x79a CMakeFiles/Rover.dir/C_/Users/trapm/Desktop/Rover/Rover/Core/Src/motor.c.obj
 .debug_line    0x0000fb8f      0x764 CMakeFiles/Rover.dir/C_/Users/trapm/Desktop/Rover/Rover/Core/Src/encoder.c.obj
 .debug_line    0x000102f3      0x17e C:/ST/STM32CubeCLT_1.21.0/GNU-tools-for-STM32/bin/../lib/gcc/arm-none-eabi/14.3.1/../../../../arm-none-eabi/lib/thumb/v7e-m+fp/hard\libg_nano.a(libc_a-memset.o)
 .debug_line    0x00010471      0x168 C:/ST/STM32CubeCLT_1.21.0/GNU-tools-for-STM32/bin/../lib/gcc/arm-none-eabi/14.3.1/../../../../arm-none-eabi/lib/thumb/v7e-m+fp/hard\libg_nano.a(libc_a-init.o)

.debug_str      0x00000000    0xda21a
 .debug_str     0x00000000    0xda21a cmake/stm32cubemx/CMakeFiles/STM32_Drivers.dir/C_/Users/trapm/Desktop/Rover/Rover/Core/Src/system_stm32f4xx.c.obj
                              0xd2faa (size before relaxing)
 .debug_str     0x000da21a    0xd4321 cmake/stm32cubemx/CMakeFiles/STM32_Drivers.dir/C_/Users/trapm/Desktop/Rover/Rover/Drivers/STM32F4xx_HAL_Driver/Src/stm32f4xx_hal_tim.c.obj
 .debug_str     0x000da21a    0xd3b2d cmake/stm32cubemx/CMakeFiles/STM32_Drivers.dir/C_/Users/trapm/Desktop/Rover/Rover/Drivers/STM32F4xx_HAL_Driver/Src/stm32f4xx_hal_tim_ex.c.obj
 .debug_str     0x000da21a    0xd33de cmake/stm32cubemx/CMakeFiles/STM32_Drivers.dir/C_/Users/trapm/Desktop/Rover/Rover/Drivers/STM32F4xx_HAL_Driver/Src/stm32f4xx_hal_rcc.c.obj
 .debug_str     0x000da21a    0xd3125 cmake/stm32cubemx/CMakeFiles/STM32_Drivers.dir/C_/Users/trapm/Desktop/Rover/Rover/Drivers/STM32F4xx_HAL_Driver/Src/stm32f4xx_hal_gpio.c.obj
 .debug_str     0x000da21a    0xd33b1 cmake/stm32cubemx/CMakeFiles/STM32_Drivers.dir/C_/Users/trapm/Desktop/Rover/Rover/Drivers/STM32F4xx_HAL_Driver/Src/stm32f4xx_hal_dma.c.obj
 .debug_str     0x000da21a    0xd3182 cmake/stm32cubemx/CMakeFiles/STM32_Drivers.dir/C_/Users/trapm/Desktop/Rover/Rover/Drivers/STM32F4xx_HAL_Driver/Src/stm32f4xx_hal_pwr_ex.c.obj
 .debug_str     0x000da21a    0xd38fb cmake/stm32cubemx/CMakeFiles/STM32_Drivers.dir/C_/Users/trapm/Desktop/Rover/Rover/Drivers/STM32F4xx_HAL_Driver/Src/stm32f4xx_hal_cortex.c.obj
 .debug_str     0x000da21a    0xd3bcd cmake/stm32cubemx/CMakeFiles/STM32_Drivers.dir/C_/Users/trapm/Desktop/Rover/Rover/Drivers/STM32F4xx_HAL_Driver/Src/stm32f4xx_hal.c.obj
 .debug_str     0x000da21a    0xd39ac cmake/stm32cubemx/CMakeFiles/STM32_Drivers.dir/C_/Users/trapm/Desktop/Rover/Rover/Drivers/STM32F4xx_HAL_Driver/Src/stm32f4xx_hal_uart.c.obj
 .debug_str     0x000da21a    0xd48a1 CMakeFiles/Rover.dir/C_/Users/trapm/Desktop/Rover/Rover/Core/Src/main.c.obj
 .debug_str     0x000da21a    0xd38ce CMakeFiles/Rover.dir/C_/Users/trapm/Desktop/Rover/Rover/Core/Src/stm32f4xx_it.c.obj
 .debug_str     0x000da21a    0xd4318 CMakeFiles/Rover.dir/C_/Users/trapm/Desktop/Rover/Rover/Core/Src/stm32f4xx_hal_msp.c.obj
 .debug_str     0x000da21a       0x90 CMakeFiles/Rover.dir/startup_stm32f429xx.s.obj
 .debug_str     0x000da21a    0xd60d3 CMakeFiles/Rover.dir/C_/Users/trapm/Desktop/Rover/Rover/Core/Src/protocol.c.obj
 .debug_str     0x000da21a     0x2f1f CMakeFiles/Rover.dir/C_/Users/trapm/Desktop/Rover/Rover/Core/Src/pid.c.obj
 .debug_str     0x000da21a    0xd33ef CMakeFiles/Rover.dir/C_/Users/trapm/Desktop/Rover/Rover/Core/Src/motor.c.obj
 .debug_str     0x000da21a    0xd33a9 CMakeFiles/Rover.dir/C_/Users/trapm/Desktop/Rover/Rover/Core/Src/encoder.c.obj
 .debug_str     0x000da21a      0x211 C:/ST/STM32CubeCLT_1.21.0/GNU-tools-for-STM32/bin/../lib/gcc/arm-none-eabi/14.3.1/../../../../arm-none-eabi/lib/thumb/v7e-m+fp/hard\libg_nano.a(libc_a-memset.o)
 .debug_str     0x000da21a      0x272 C:/ST/STM32CubeCLT_1.21.0/GNU-tools-for-STM32/bin/../lib/gcc/arm-none-eabi/14.3.1/../../../../arm-none-eabi/lib/thumb/v7e-m+fp/hard\libg_nano.a(libc_a-init.o)

.debug_frame    0x00000000     0x362c
 .debug_frame   0x00000000       0x50 cmake/stm32cubemx/CMakeFiles/STM32_Drivers.dir/C_/Users/trapm/Desktop/Rover/Rover/Core/Src/system_stm32f4xx.c.obj
 .debug_frame   0x00000050     0x10f0 cmake/stm32cubemx/CMakeFiles/STM32_Drivers.dir/C_/Users/trapm/Desktop/Rover/Rover/Drivers/STM32F4xx_HAL_Driver/Src/stm32f4xx_hal_tim.c.obj
 .debug_frame   0x00001140      0x600 cmake/stm32cubemx/CMakeFiles/STM32_Drivers.dir/C_/Users/trapm/Desktop/Rover/Rover/Drivers/STM32F4xx_HAL_Driver/Src/stm32f4xx_hal_tim_ex.c.obj
 .debug_frame   0x00001740      0x1d8 cmake/stm32cubemx/CMakeFiles/STM32_Drivers.dir/C_/Users/trapm/Desktop/Rover/Rover/Drivers/STM32F4xx_HAL_Driver/Src/stm32f4xx_hal_rcc.c.obj
 .debug_frame   0x00001918      0x130 cmake/stm32cubemx/CMakeFiles/STM32_Drivers.dir/C_/Users/trapm/Desktop/Rover/Rover/Drivers/STM32F4xx_HAL_Driver/Src/stm32f4xx_hal_gpio.c.obj
 .debug_frame   0x00001a48      0x230 cmake/stm32cubemx/CMakeFiles/STM32_Drivers.dir/C_/Users/trapm/Desktop/Rover/Rover/Drivers/STM32F4xx_HAL_Driver/Src/stm32f4xx_hal_dma.c.obj
 .debug_frame   0x00001c78      0x13c cmake/stm32cubemx/CMakeFiles/STM32_Drivers.dir/C_/Users/trapm/Desktop/Rover/Rover/Drivers/STM32F4xx_HAL_Driver/Src/stm32f4xx_hal_pwr_ex.c.obj
 .debug_frame   0x00001db4      0x4b8 cmake/stm32cubemx/CMakeFiles/STM32_Drivers.dir/C_/Users/trapm/Desktop/Rover/Rover/Drivers/STM32F4xx_HAL_Driver/Src/stm32f4xx_hal_cortex.c.obj
 .debug_frame   0x0000226c      0x354 cmake/stm32cubemx/CMakeFiles/STM32_Drivers.dir/C_/Users/trapm/Desktop/Rover/Rover/Drivers/STM32F4xx_HAL_Driver/Src/stm32f4xx_hal.c.obj
 .debug_frame   0x000025c0      0x8ec cmake/stm32cubemx/CMakeFiles/STM32_Drivers.dir/C_/Users/trapm/Desktop/Rover/Rover/Drivers/STM32F4xx_HAL_Driver/Src/stm32f4xx_hal_uart.c.obj
 .debug_frame   0x00002eac      0x2a8 CMakeFiles/Rover.dir/C_/Users/trapm/Desktop/Rover/Rover/Core/Src/main.c.obj
 .debug_frame   0x00003154      0x14c CMakeFiles/Rover.dir/C_/Users/trapm/Desktop/Rover/Rover/Core/Src/stm32f4xx_it.c.obj
 .debug_frame   0x000032a0      0x17c CMakeFiles/Rover.dir/C_/Users/trapm/Desktop/Rover/Rover/Core/Src/stm32f4xx_hal_msp.c.obj
 .debug_frame   0x0000341c       0xa4 CMakeFiles/Rover.dir/C_/Users/trapm/Desktop/Rover/Rover/Core/Src/protocol.c.obj
 .debug_frame   0x000034c0       0x58 CMakeFiles/Rover.dir/C_/Users/trapm/Desktop/Rover/Rover/Core/Src/pid.c.obj
 .debug_frame   0x00003518       0x34 CMakeFiles/Rover.dir/C_/Users/trapm/Desktop/Rover/Rover/Core/Src/motor.c.obj
 .debug_frame   0x0000354c       0x34 CMakeFiles/Rover.dir/C_/Users/trapm/Desktop/Rover/Rover/Core/Src/encoder.c.obj
 .debug_frame   0x00003580       0x2c C:/ST/STM32CubeCLT_1.21.0/GNU-tools-for-STM32/bin/../lib/gcc/arm-none-eabi/14.3.1/thumb/v7e-m+fp/hard\libgcc.a(_aeabi_uldivmod.o)
 .debug_frame   0x000035ac       0x34 C:/ST/STM32CubeCLT_1.21.0/GNU-tools-for-STM32/bin/../lib/gcc/arm-none-eabi/14.3.1/thumb/v7e-m+fp/hard\libgcc.a(_udivmoddi4.o)
 .debug_frame   0x000035e0       0x20 C:/ST/STM32CubeCLT_1.21.0/GNU-tools-for-STM32/bin/../lib/gcc/arm-none-eabi/14.3.1/../../../../arm-none-eabi/lib/thumb/v7e-m+fp/hard\libg_nano.a(libc_a-memset.o)
 .debug_frame   0x00003600       0x2c C:/ST/STM32CubeCLT_1.21.0/GNU-tools-for-STM32/bin/../lib/gcc/arm-none-eabi/14.3.1/../../../../arm-none-eabi/lib/thumb/v7e-m+fp/hard\libg_nano.a(libc_a-init.o)

.debug_line_str
                0x00000000       0x74
 .debug_line_str
                0x00000000       0x74 CMakeFiles/Rover.dir/startup_stm32f429xx.s.obj

.debug_loclists
                0x00000000       0xa1
 .debug_loclists
                0x00000000       0x4d C:/ST/STM32CubeCLT_1.21.0/GNU-tools-for-STM32/bin/../lib/gcc/arm-none-eabi/14.3.1/../../../../arm-none-eabi/lib/thumb/v7e-m+fp/hard\libg_nano.a(libc_a-memset.o)
 .debug_loclists
                0x0000004d       0x54 C:/ST/STM32CubeCLT_1.21.0/GNU-tools-for-STM32/bin/../lib/gcc/arm-none-eabi/14.3.1/../../../../arm-none-eabi/lib/thumb/v7e-m+fp/hard\libg_nano.a(libc_a-init.o)
